#-----------------------------------------------------------
# updatemem v2019.1 (64-bit)
# SW Build 2552052 on Fri May 24 14:49:42 MDT 2019
# 
# Start of session at: Mon Feb 16 13:04:33 2026
# Process ID: 17256
# Current directory: d:/Vivado_Projects/Arithmetic
# Command line: updatemem.exe -mode batch -source D:/Xilinx/SDK/2019.1/scripts/updatemem/main.tcl -notrace -tclargs -meminfo D:/Vivado_Projects/Arithmetic/Arithmetic.sdk/design_1_wrapper_hw_platform_0/design_1_wrapper.mmi -data D:/Xilinx/SDK/2019.1/data/embeddedsw/lib/microblaze/mb_bootloop_le.elf -proc design_1_i/microblaze_0 -bit D:/Vivado_Projects/Arithmetic/Arithmetic.sdk/design_1_wrapper_hw_platform_0/design_1_wrapper.bit -out D:/Vivado_Projects/Arithmetic/Arithmetic.sdk/design_1_wrapper_hw_platform_0/download.bit -force
# Log file: d:/Vivado_Projects/Arithmetic/updatemem.log
# Journal file: d:/Vivado_Projects/Arithmetic\updatemem.jou
#-----------------------------------------------------------
source D:/Xilinx/SDK/2019.1/scripts/updatemem/main.tcl -notrace
