08:53:09 **** Incremental Build of configuration Debug for project expander_soft ****
make all 
make: Nothing to be done for 'all'.
08:53:59 **** Incremental Build of configuration Debug for project expander_soft ****
make all 
make: Nothing to be done for 'all'.
08:57:24 **** Auto Build of configuration Debug for project expander_soft ****
make all 
'Building file: ../src/helloworld.c'
'Invoking: MicroBlaze gcc compiler'
mb-gcc -Wall -O0 -g3 -c -fmessage-length=0 -MT"src/helloworld.o" -I../../expander_soft_bsp/microblaze_0/include -mlittle-endian -mcpu=v11.0 -mxl-soft-mul -Wl,--no-relax -ffunction-sections -fdata-sections -MMD -MP -MF"src/helloworld.d" -MT"src/helloworld.o" -o "src/helloworld.o" "../src/helloworld.c"
'Finished building: ../src/helloworld.c'
' '
'Building target: expander_soft.elf'
'Invoking: MicroBlaze gcc linker'
mb-gcc -Wl,-T -Wl,../src/lscript.ld -L../../expander_soft_bsp/microblaze_0/lib -mlittle-endian -mcpu=v11.0 -mxl-soft-mul -Wl,--no-relax -Wl,--gc-sections -o "expander_soft.elf"  ./src/helloworld.o ./src/platform.o   -Wl,--start-group,-lxil,-lgcc,-lc,--end-group
'Finished building target: expander_soft.elf'
' '
'Invoking: MicroBlaze Print Size'
mb-size expander_soft.elf  |tee "expander_soft.elf.size"
   text	   data	    bss	    dec	    hex	filename
   5684	    348	   3224	   9256	   2428	expander_soft.elf
'Finished building: expander_soft.elf.size'
' '
08:57:55 **** Incremental Build of configuration Debug for project expander_soft ****
make all 
'Building file: ../src/helloworld.c'
'Invoking: MicroBlaze gcc compiler'
mb-gcc -Wall -O0 -g3 -c -fmessage-length=0 -MT"src/helloworld.o" -I../../expander_soft_bsp/microblaze_0/include -mlittle-endian -mcpu=v11.0 -mxl-soft-mul -Wl,--no-relax -ffunction-sections -fdata-sections -MMD -MP -MF"src/helloworld.d" -MT"src/helloworld.o" -o "src/helloworld.o" "../src/helloworld.c"
../src/helloworld.c: In function 'main':
../src/helloworld.c:67:22: error: 'BaseAddress' undeclared (first use in this function); did you mean 'XIic_GetAddress'?
   Status = XIic_Send(BaseAddress, MCP4706_ADDR, WriteBuffer, 2, XIIC_STOP);
                      ^~~~~~~~~~~
                      XIic_GetAddress
../src/helloworld.c:67:22: note: each undeclared identifier is reported only once for each function it appears in
make: *** [src/subdir.mk:26: src/helloworld.o] Error 1
08:58:20 **** Auto Build of configuration Debug for project expander_soft ****
make all 
'Building file: ../src/helloworld.c'
'Invoking: MicroBlaze gcc compiler'
mb-gcc -Wall -O0 -g3 -c -fmessage-length=0 -MT"src/helloworld.o" -I../../expander_soft_bsp/microblaze_0/include -mlittle-endian -mcpu=v11.0 -mxl-soft-mul -Wl,--no-relax -ffunction-sections -fdata-sections -MMD -MP -MF"src/helloworld.d" -MT"src/helloworld.o" -o "src/helloworld.o" "../src/helloworld.c"
'Finished building: ../src/helloworld.c'
' '
'Building target: expander_soft.elf'
'Invoking: MicroBlaze gcc linker'
mb-gcc -Wl,-T -Wl,../src/lscript.ld -L../../expander_soft_bsp/microblaze_0/lib -mlittle-endian -mcpu=v11.0 -mxl-soft-mul -Wl,--no-relax -Wl,--gc-sections -o "expander_soft.elf"  ./src/helloworld.o ./src/platform.o   -Wl,--start-group,-lxil,-lgcc,-lc,--end-group
'Finished building target: expander_soft.elf'
' '
'Invoking: MicroBlaze Print Size'
mb-size expander_soft.elf  |tee "expander_soft.elf.size"
   text	   data	    bss	    dec	    hex	filename
   4860	    340	   3224	   8424	   20e8	expander_soft.elf
'Finished building: expander_soft.elf.size'
' '
08:58:24 **** Incremental Build of configuration Debug for project expander_soft ****
make all 
make: Nothing to be done for 'all'.
08:59:56 **** Incremental Build of configuration Debug for project expander_soft ****
make all 
make: Nothing to be done for 'all'.
09:01:28 **** Incremental Build of configuration Debug for project expander_soft ****
make all 
'Building file: ../src/helloworld.c'
'Invoking: MicroBlaze gcc compiler'
mb-gcc -Wall -O0 -g3 -c -fmessage-length=0 -MT"src/helloworld.o" -I../../expander_soft_bsp/microblaze_0/include -mlittle-endian -mcpu=v11.0 -mxl-soft-mul -Wl,--no-relax -ffunction-sections -fdata-sections -MMD -MP -MF"src/helloworld.d" -MT"src/helloworld.o" -o "src/helloworld.o" "../src/helloworld.c"
'Finished building: ../src/helloworld.c'
' '
'Building target: expander_soft.elf'
'Invoking: MicroBlaze gcc linker'
mb-gcc -Wl,-T -Wl,../src/lscript.ld -L../../expander_soft_bsp/microblaze_0/lib -mlittle-endian -mcpu=v11.0 -mxl-soft-mul -Wl,--no-relax -Wl,--gc-sections -o "expander_soft.elf"  ./src/helloworld.o ./src/platform.o   -Wl,--start-group,-lxil,-lgcc,-lc,--end-group
'Finished building target: expander_soft.elf'
' '
'Invoking: MicroBlaze Print Size'
mb-size expander_soft.elf  |tee "expander_soft.elf.size"
   text	   data	    bss	    dec	    hex	filename
   4316	    340	   3224	   7880	   1ec8	expander_soft.elf
'Finished building: expander_soft.elf.size'
' '
09:02:20 **** Auto Build of configuration Debug for project expander_soft ****
make all 
'Building file: ../src/helloworld.c'
'Invoking: MicroBlaze gcc compiler'
mb-gcc -Wall -O0 -g3 -c -fmessage-length=0 -MT"src/helloworld.o" -I../../expander_soft_bsp/microblaze_0/include -mlittle-endian -mcpu=v11.0 -mxl-soft-mul -Wl,--no-relax -ffunction-sections -fdata-sections -MMD -MP -MF"src/helloworld.d" -MT"src/helloworld.o" -o "src/helloworld.o" "../src/helloworld.c"
'Finished building: ../src/helloworld.c'
' '
'Building target: expander_soft.elf'
'Invoking: MicroBlaze gcc linker'
mb-gcc -Wl,-T -Wl,../src/lscript.ld -L../../expander_soft_bsp/microblaze_0/lib -mlittle-endian -mcpu=v11.0 -mxl-soft-mul -Wl,--no-relax -Wl,--gc-sections -o "expander_soft.elf"  ./src/helloworld.o ./src/platform.o   -Wl,--start-group,-lxil,-lgcc,-lc,--end-group
'Finished building target: expander_soft.elf'
' '
'Invoking: MicroBlaze Print Size'
mb-size expander_soft.elf  |tee "expander_soft.elf.size"
   text	   data	    bss	    dec	    hex	filename
   4312	    340	   3220	   7872	   1ec0	expander_soft.elf
'Finished building: expander_soft.elf.size'
' '
09:02:25 **** Incremental Build of configuration Debug for project expander_soft ****
make all 
make: Nothing to be done for 'all'.
09:04:39 **** Auto Build of configuration Debug for project expander_soft ****
make all 
'Building file: ../src/helloworld.c'
'Invoking: MicroBlaze gcc compiler'
mb-gcc -Wall -O0 -g3 -c -fmessage-length=0 -MT"src/helloworld.o" -I../../expander_soft_bsp/microblaze_0/include -mlittle-endian -mcpu=v11.0 -mxl-soft-mul -Wl,--no-relax -ffunction-sections -fdata-sections -MMD -MP -MF"src/helloworld.d" -MT"src/helloworld.o" -o "src/helloworld.o" "../src/helloworld.c"
../src/helloworld.c: In function 'main':
../src/helloworld.c:71:7: warning: unused variable 'a' [-Wunused-variable]
    u8 a = 1;
       ^
'Finished building: ../src/helloworld.c'
' '
'Building target: expander_soft.elf'
'Invoking: MicroBlaze gcc linker'
mb-gcc -Wl,-T -Wl,../src/lscript.ld -L../../expander_soft_bsp/microblaze_0/lib -mlittle-endian -mcpu=v11.0 -mxl-soft-mul -Wl,--no-relax -Wl,--gc-sections -o "expander_soft.elf"  ./src/helloworld.o ./src/platform.o   -Wl,--start-group,-lxil,-lgcc,-lc,--end-group
'Finished building target: expander_soft.elf'
' '
'Invoking: MicroBlaze Print Size'
mb-size expander_soft.elf  |tee "expander_soft.elf.size"
   text	   data	    bss	    dec	    hex	filename
   4316	    340	   3224	   7880	   1ec8	expander_soft.elf
'Finished building: expander_soft.elf.size'
' '
09:05:06 **** Auto Build of configuration Debug for project expander_soft ****
make all 
'Building file: ../src/helloworld.c'
'Invoking: MicroBlaze gcc compiler'
mb-gcc -Wall -O0 -g3 -c -fmessage-length=0 -MT"src/helloworld.o" -I../../expander_soft_bsp/microblaze_0/include -mlittle-endian -mcpu=v11.0 -mxl-soft-mul -Wl,--no-relax -ffunction-sections -fdata-sections -MMD -MP -MF"src/helloworld.d" -MT"src/helloworld.o" -o "src/helloworld.o" "../src/helloworld.c"
../src/helloworld.c: In function 'main':
../src/helloworld.c:55:5: warning: variable 'a' set but not used [-Wunused-but-set-variable]
  u8 a = 0;
     ^
'Finished building: ../src/helloworld.c'
' '
'Building target: expander_soft.elf'
'Invoking: MicroBlaze gcc linker'
mb-gcc -Wl,-T -Wl,../src/lscript.ld -L../../expander_soft_bsp/microblaze_0/lib -mlittle-endian -mcpu=v11.0 -mxl-soft-mul -Wl,--no-relax -Wl,--gc-sections -o "expander_soft.elf"  ./src/helloworld.o ./src/platform.o   -Wl,--start-group,-lxil,-lgcc,-lc,--end-group
'Finished building target: expander_soft.elf'
' '
'Invoking: MicroBlaze Print Size'
mb-size expander_soft.elf  |tee "expander_soft.elf.size"
   text	   data	    bss	    dec	    hex	filename
   4320	    340	   3220	   7880	   1ec8	expander_soft.elf
'Finished building: expander_soft.elf.size'
' '
09:05:10 **** Incremental Build of configuration Debug for project expander_soft ****
make all 
make: Nothing to be done for 'all'.
09:05:28 **** Auto Build of configuration Debug for project expander_soft ****
make all 
'Building file: ../src/helloworld.c'
'Invoking: MicroBlaze gcc compiler'
mb-gcc -Wall -O0 -g3 -c -fmessage-length=0 -MT"src/helloworld.o" -I../../expander_soft_bsp/microblaze_0/include -mlittle-endian -mcpu=v11.0 -mxl-soft-mul -Wl,--no-relax -ffunction-sections -fdata-sections -MMD -MP -MF"src/helloworld.d" -MT"src/helloworld.o" -o "src/helloworld.o" "../src/helloworld.c"
../src/helloworld.c: In function 'main':
../src/helloworld.c:57:6: warning: variable 'a' set but not used [-Wunused-but-set-variable]
   u8 a = 0;
      ^
'Finished building: ../src/helloworld.c'
' '
'Building target: expander_soft.elf'
'Invoking: MicroBlaze gcc linker'
mb-gcc -Wl,-T -Wl,../src/lscript.ld -L../../expander_soft_bsp/microblaze_0/lib -mlittle-endian -mcpu=v11.0 -mxl-soft-mul -Wl,--no-relax -Wl,--gc-sections -o "expander_soft.elf"  ./src/helloworld.o ./src/platform.o   -Wl,--start-group,-lxil,-lgcc,-lc,--end-group
'Finished building target: expander_soft.elf'
' '
'Invoking: MicroBlaze Print Size'
mb-size expander_soft.elf  |tee "expander_soft.elf.size"
   text	   data	    bss	    dec	    hex	filename
   4320	    340	   3220	   7880	   1ec8	expander_soft.elf
'Finished building: expander_soft.elf.size'
' '
09:10:56 **** Auto Build of configuration Debug for project expander_soft ****
make all 
'Building file: ../src/helloworld.c'
'Invoking: MicroBlaze gcc compiler'
mb-gcc -Wall -O0 -g3 -c -fmessage-length=0 -MT"src/helloworld.o" -I../../expander_soft_bsp/microblaze_0/include -mlittle-endian -mcpu=v11.0 -mxl-soft-mul -Wl,--no-relax -ffunction-sections -fdata-sections -MMD -MP -MF"src/helloworld.d" -MT"src/helloworld.o" -o "src/helloworld.o" "../src/helloworld.c"
../src/helloworld.c: In function 'main':
../src/helloworld.c:57:6: warning: variable 'a' set but not used [-Wunused-but-set-variable]
   u8 a = 0;
      ^
'Finished building: ../src/helloworld.c'
' '
'Building target: expander_soft.elf'
'Invoking: MicroBlaze gcc linker'
mb-gcc -Wl,-T -Wl,../src/lscript.ld -L../../expander_soft_bsp/microblaze_0/lib -mlittle-endian -mcpu=v11.0 -mxl-soft-mul -Wl,--no-relax -Wl,--gc-sections -o "expander_soft.elf"  ./src/helloworld.o ./src/platform.o   -Wl,--start-group,-lxil,-lgcc,-lc,--end-group
'Finished building target: expander_soft.elf'
' '
'Invoking: MicroBlaze Print Size'
mb-size expander_soft.elf  |tee "expander_soft.elf.size"
   text	   data	    bss	    dec	    hex	filename
   9472	    704	   3216	  13392	   3450	expander_soft.elf
'Finished building: expander_soft.elf.size'
' '
09:10:59 **** Incremental Build of configuration Debug for project expander_soft ****
make all 
make: Nothing to be done for 'all'.
09:11:20 **** Incremental Build of configuration Debug for project expander_soft ****
make all 
make: Nothing to be done for 'all'.
09:25:02 **** Incremental Build of configuration Debug for project expander_soft ****
make all 
make: Nothing to be done for 'all'.
09:25:35 **** Incremental Build of configuration Debug for project expander_soft ****
make all 
make: Nothing to be done for 'all'.
09:26:18 **** Clean-only build of project expander_soft_bsp ****
make -k clean 
make -C microblaze_0/libsrc/bram_v4_3/src -s clean 
make -C microblaze_0/libsrc/cpu_v2_9/src -s clean 
make -C microblaze_0/libsrc/iic_v3_5/src -s clean 
make -C microblaze_0/libsrc/intc_v3_9/src -s clean 
make -C microblaze_0/libsrc/standalone_v7_0/src -s clean 
make -C microblaze_0/libsrc/uartlite_v3_2/src -s clean 
rm -f microblaze_0/lib/libxil.a
09:26:19 **** Clean-only build of configuration Debug for project expander_soft ****
make clean 
rm -rf  ./src/helloworld.o ./src/platform.o  ./src/helloworld.d ./src/platform.d  expander_soft.elf.size  expander_soft.elf
' '
09:26:19 **** Build of project expander_soft_bsp ****
make -k all 
"Running Make include in microblaze_0/libsrc/bram_v4_3/src"
make -C microblaze_0/libsrc/bram_v4_3/src -s include  "SHELL=CMD" "COMPILER=mb-gcc" "ARCHIVER=mb-ar" "COMPILER_FLAGS=  -O2 -c -mcpu=v11.0 -mlittle-endian -mxl-soft-mul" "EXTRA_COMPILER_FLAGS=-ffunction-sections -fdata-sections -Wall -Wextra"
"Running Make include in microblaze_0/libsrc/cpu_v2_9/src"
make -C microblaze_0/libsrc/cpu_v2_9/src -s include  "SHELL=CMD" "COMPILER=mb-gcc" "ARCHIVER=mb-ar" "COMPILER_FLAGS=  -O2 -c -mcpu=v11.0 -mlittle-endian -mxl-soft-mul" "EXTRA_COMPILER_FLAGS=-ffunction-sections -fdata-sections -Wall -Wextra"
"Running Make include in microblaze_0/libsrc/iic_v3_5/src"
make -C microblaze_0/libsrc/iic_v3_5/src -s include  "SHELL=CMD" "COMPILER=mb-gcc" "ARCHIVER=mb-ar" "COMPILER_FLAGS=  -O2 -c -mcpu=v11.0 -mlittle-endian -mxl-soft-mul" "EXTRA_COMPILER_FLAGS=-ffunction-sections -fdata-sections -Wall -Wextra"
"Running Make include in microblaze_0/libsrc/intc_v3_9/src"
make -C microblaze_0/libsrc/intc_v3_9/src -s include  "SHELL=CMD" "COMPILER=mb-gcc" "ARCHIVER=mb-ar" "COMPILER_FLAGS=  -O2 -c -mcpu=v11.0 -mlittle-endian -mxl-soft-mul" "EXTRA_COMPILER_FLAGS=-ffunction-sections -fdata-sections -Wall -Wextra"
"Running Make include in microblaze_0/libsrc/standalone_v7_0/src"
make -C microblaze_0/libsrc/standalone_v7_0/src -s include  "SHELL=CMD" "COMPILER=mb-gcc" "ARCHIVER=mb-ar" "COMPILER_FLAGS=  -O2 -c -mcpu=v11.0 -mlittle-endian -mxl-soft-mul" "EXTRA_COMPILER_FLAGS=-ffunction-sections -fdata-sections -Wall -Wextra"
"Running Make include in microblaze_0/libsrc/uartlite_v3_2/src"
make -C microblaze_0/libsrc/uartlite_v3_2/src -s include  "SHELL=CMD" "COMPILER=mb-gcc" "ARCHIVER=mb-ar" "COMPILER_FLAGS=  -O2 -c -mcpu=v11.0 -mlittle-endian -mxl-soft-mul" "EXTRA_COMPILER_FLAGS=-ffunction-sections -fdata-sections -Wall -Wextra"
"Running Make libs in microblaze_0/libsrc/bram_v4_3/src"
make -C microblaze_0/libsrc/bram_v4_3/src -s libs  "SHELL=CMD" "COMPILER=mb-gcc" "ARCHIVER=mb-ar" "COMPILER_FLAGS=  -O2 -c -mcpu=v11.0 -mlittle-endian -mxl-soft-mul" "EXTRA_COMPILER_FLAGS=-ffunction-sections -fdata-sections -Wall -Wextra"
"Compiling bram"
mb-ar: creating ../../../lib/libxil.a
"Running Make libs in microblaze_0/libsrc/cpu_v2_9/src"
make -C microblaze_0/libsrc/cpu_v2_9/src -s libs  "SHELL=CMD" "COMPILER=mb-gcc" "ARCHIVER=mb-ar" "COMPILER_FLAGS=  -O2 -c -mcpu=v11.0 -mlittle-endian -mxl-soft-mul" "EXTRA_COMPILER_FLAGS=-ffunction-sections -fdata-sections -Wall -Wextra"
"Compiling cpu"
"Running Make libs in microblaze_0/libsrc/iic_v3_5/src"
make -C microblaze_0/libsrc/iic_v3_5/src -s libs  "SHELL=CMD" "COMPILER=mb-gcc" "ARCHIVER=mb-ar" "COMPILER_FLAGS=  -O2 -c -mcpu=v11.0 -mlittle-endian -mxl-soft-mul" "EXTRA_COMPILER_FLAGS=-ffunction-sections -fdata-sections -Wall -Wextra"
"Compiling iic"
"Running Make libs in microblaze_0/libsrc/intc_v3_9/src"
make -C microblaze_0/libsrc/intc_v3_9/src -s libs  "SHELL=CMD" "COMPILER=mb-gcc" "ARCHIVER=mb-ar" "COMPILER_FLAGS=  -O2 -c -mcpu=v11.0 -mlittle-endian -mxl-soft-mul" "EXTRA_COMPILER_FLAGS=-ffunction-sections -fdata-sections -Wall -Wextra"
"Compiling intc"
"Running Make libs in microblaze_0/libsrc/standalone_v7_0/src"
make -C microblaze_0/libsrc/standalone_v7_0/src -s libs  "SHELL=CMD" "COMPILER=mb-gcc" "ARCHIVER=mb-ar" "COMPILER_FLAGS=  -O2 -c -mcpu=v11.0 -mlittle-endian -mxl-soft-mul" "EXTRA_COMPILER_FLAGS=-ffunction-sections -fdata-sections -Wall -Wextra"
"Compiling standalone";
microblaze_sleep.c:77:9: note: #pragma message: For the sleep routines, assembly instructions are used
 #pragma message ("For the sleep routines, assembly instructions are used")
         ^~~~~~~
"Running Make libs in microblaze_0/libsrc/uartlite_v3_2/src"
make -C microblaze_0/libsrc/uartlite_v3_2/src -s libs  "SHELL=CMD" "COMPILER=mb-gcc" "ARCHIVER=mb-ar" "COMPILER_FLAGS=  -O2 -c -mcpu=v11.0 -mlittle-endian -mxl-soft-mul" "EXTRA_COMPILER_FLAGS=-ffunction-sections -fdata-sections -Wall -Wextra"
"Compiling uartlite"
'Finished building libraries'
09:26:28 **** Build of configuration Debug for project expander_soft ****
make all 
'Building file: ../src/helloworld.c'
'Invoking: MicroBlaze gcc compiler'
mb-gcc -Wall -O0 -g3 -c -fmessage-length=0 -MT"src/helloworld.o" -I../../expander_soft_bsp/microblaze_0/include -mlittle-endian -mcpu=v11.0 -mxl-soft-mul -Wl,--no-relax -ffunction-sections -fdata-sections -MMD -MP -MF"src/helloworld.d" -MT"src/helloworld.o" -o "src/helloworld.o" "../src/helloworld.c"
../src/helloworld.c: In function 'main':
../src/helloworld.c:57:6: warning: variable 'a' set but not used [-Wunused-but-set-variable]
   u8 a = 0;
      ^
'Finished building: ../src/helloworld.c'
' '
'Building file: ../src/platform.c'
'Invoking: MicroBlaze gcc compiler'
mb-gcc -Wall -O0 -g3 -c -fmessage-length=0 -MT"src/platform.o" -I../../expander_soft_bsp/microblaze_0/include -mlittle-endian -mcpu=v11.0 -mxl-soft-mul -Wl,--no-relax -ffunction-sections -fdata-sections -MMD -MP -MF"src/platform.d" -MT"src/platform.o" -o "src/platform.o" "../src/platform.c"
'Finished building: ../src/platform.c'
' '
'Building target: expander_soft.elf'
'Invoking: MicroBlaze gcc linker'
mb-gcc -Wl,-T -Wl,../src/lscript.ld -L../../expander_soft_bsp/microblaze_0/lib -mlittle-endian -mcpu=v11.0 -mxl-soft-mul -Wl,--no-relax -Wl,--gc-sections -o "expander_soft.elf"  ./src/helloworld.o ./src/platform.o   -Wl,--start-group,-lxil,-lgcc,-lc,--end-group
'Finished building target: expander_soft.elf'
' '
'Invoking: MicroBlaze Print Size'
mb-size expander_soft.elf  |tee "expander_soft.elf.size"
   text	   data	    bss	    dec	    hex	filename
   9472	    704	   3216	  13392	   3450	expander_soft.elf
'Finished building: expander_soft.elf.size'
' '
09:31:17 **** Incremental Build of configuration Debug for project expander_soft ****
make all 
make: Nothing to be done for 'all'.
09:31:22 **** Incremental Build of configuration Debug for project expander_soft ****
make all 
make: Nothing to be done for 'all'.
09:31:38 **** Incremental Build of configuration Debug for project expander_soft ****
make all 
make: Nothing to be done for 'all'.
09:31:55 **** Incremental Build of configuration Debug for project expander_soft ****
make all 
make: Nothing to be done for 'all'.
09:32:19 **** Incremental Build of configuration Debug for project expander_soft ****
make all 
make: Nothing to be done for 'all'.
10:28:30 **** Auto Build of configuration Debug for project expander_soft ****
make all 
'Building file: ../src/helloworld.c'
'Invoking: MicroBlaze gcc compiler'
mb-gcc -Wall -O0 -g3 -c -fmessage-length=0 -MT"src/helloworld.o" -I../../expander_soft_bsp/microblaze_0/include -mlittle-endian -mcpu=v11.0 -mxl-soft-mul -Wl,--no-relax -ffunction-sections -fdata-sections -MMD -MP -MF"src/helloworld.d" -MT"src/helloworld.o" -o "src/helloworld.o" "../src/helloworld.c"
../src/helloworld.c:8:10: fatal error: sleep: No such file or directory
 #include "sleep"
          ^~~~~~~
compilation terminated.
make: *** [src/subdir.mk:26: src/helloworld.o] Error 1
10:28:43 **** Auto Build of configuration Debug for project expander_soft ****
make all 
'Building file: ../src/helloworld.c'
'Invoking: MicroBlaze gcc compiler'
mb-gcc -Wall -O0 -g3 -c -fmessage-length=0 -MT"src/helloworld.o" -I../../expander_soft_bsp/microblaze_0/include -mlittle-endian -mcpu=v11.0 -mxl-soft-mul -Wl,--no-relax -ffunction-sections -fdata-sections -MMD -MP -MF"src/helloworld.d" -MT"src/helloworld.o" -o "src/helloworld.o" "../src/helloworld.c"
../src/helloworld.c:8:10: fatal error: sleep: No such file or directory
 #include "sleep"
          ^~~~~~~
compilation terminated.
make: *** [src/subdir.mk:26: src/helloworld.o] Error 1
10:28:52 **** Incremental Build of configuration Debug for project expander_soft ****
make all 
'Building file: ../src/helloworld.c'
'Invoking: MicroBlaze gcc compiler'
mb-gcc -Wall -O0 -g3 -c -fmessage-length=0 -MT"src/helloworld.o" -I../../expander_soft_bsp/microblaze_0/include -mlittle-endian -mcpu=v11.0 -mxl-soft-mul -Wl,--no-relax -ffunction-sections -fdata-sections -MMD -MP -MF"src/helloworld.d" -MT"src/helloworld.o" -o "src/helloworld.o" "../src/helloworld.c"
../src/helloworld.c:8:10: fatal error: sleep: No such file or directory
 #include "sleep"
          ^~~~~~~
compilation terminated.
make: *** [src/subdir.mk:26: src/helloworld.o] Error 1
10:32:37 **** Incremental Build of configuration Debug for project expander_soft ****
make all 
'Building file: ../src/helloworld.c'
'Invoking: MicroBlaze gcc compiler'
mb-gcc -Wall -O0 -g3 -c -fmessage-length=0 -MT"src/helloworld.o" -I../../expander_soft_bsp/microblaze_0/include -mlittle-endian -mcpu=v11.0 -mxl-soft-mul -Wl,--no-relax -ffunction-sections -fdata-sections -MMD -MP -MF"src/helloworld.d" -MT"src/helloworld.o" -o "src/helloworld.o" "../src/helloworld.c"
../src/helloworld.c:8:10: fatal error: sleep: No such file or directory
 #include "sleep"
          ^~~~~~~
compilation terminated.
make: *** [src/subdir.mk:26: src/helloworld.o] Error 1
10:33:03 **** Incremental Build of configuration Debug for project expander_soft ****
make all 
'Building file: ../src/helloworld.c'
'Invoking: MicroBlaze gcc compiler'
mb-gcc -Wall -O0 -g3 -c -fmessage-length=0 -MT"src/helloworld.o" -I../../expander_soft_bsp/microblaze_0/include -mlittle-endian -mcpu=v11.0 -mxl-soft-mul -Wl,--no-relax -ffunction-sections -fdata-sections -MMD -MP -MF"src/helloworld.d" -MT"src/helloworld.o" -o "src/helloworld.o" "../src/helloworld.c"
../src/helloworld.c:8:10: fatal error: sleep: No such file or directory
 #include "sleep"
          ^~~~~~~
compilation terminated.
make: *** [src/subdir.mk:26: src/helloworld.o] Error 1
10:33:35 **** Auto Build of configuration Debug for project expander_soft ****
make all 
'Building file: ../src/helloworld.c'
'Invoking: MicroBlaze gcc compiler'
mb-gcc -Wall -O0 -g3 -c -fmessage-length=0 -MT"src/helloworld.o" -I../../expander_soft_bsp/microblaze_0/include -mlittle-endian -mcpu=v11.0 -mxl-soft-mul -Wl,--no-relax -ffunction-sections -fdata-sections -MMD -MP -MF"src/helloworld.d" -MT"src/helloworld.o" -o "src/helloworld.o" "../src/helloworld.c"
../src/helloworld.c: In function 'main':
../src/helloworld.c:58:6: warning: variable 'a' set but not used [-Wunused-but-set-variable]
   u8 a = 0;
      ^
'Finished building: ../src/helloworld.c'
' '
'Building target: expander_soft.elf'
'Invoking: MicroBlaze gcc linker'
mb-gcc -Wl,-T -Wl,../src/lscript.ld -L../../expander_soft_bsp/microblaze_0/lib -mlittle-endian -mcpu=v11.0 -mxl-soft-mul -Wl,--no-relax -Wl,--gc-sections -o "expander_soft.elf"  ./src/helloworld.o ./src/platform.o   -Wl,--start-group,-lxil,-lgcc,-lc,--end-group
'Finished building target: expander_soft.elf'
' '
'Invoking: MicroBlaze Print Size'
mb-size expander_soft.elf  |tee "expander_soft.elf.size"
   text	   data	    bss	    dec	    hex	filename
   9564	    704	   3220	  13488	   34b0	expander_soft.elf
'Finished building: expander_soft.elf.size'
' '
10:33:49 **** Incremental Build of configuration Debug for project expander_soft ****
make all 
make: Nothing to be done for 'all'.
10:35:04 **** Incremental Build of configuration Debug for project expander_soft ****
make all 
make: Nothing to be done for 'all'.
10:38:36 **** Incremental Build of configuration Debug for project expander_soft ****
make all 
make: Nothing to be done for 'all'.
10:41:56 **** Incremental Build of configuration Debug for project expander_soft ****
make all 
make: Nothing to be done for 'all'.
10:54:27 **** Incremental Build of configuration Debug for project expander_soft ****
make all 
make: Nothing to be done for 'all'.
10:54:43 **** Incremental Build of configuration Debug for project expander_soft ****
make all 
make: Nothing to be done for 'all'.
10:56:10 **** Auto Build of configuration Debug for project expander_soft ****
make all 
'Building file: ../src/helloworld.c'
'Invoking: MicroBlaze gcc compiler'
mb-gcc -Wall -O0 -g3 -c -fmessage-length=0 -MT"src/helloworld.o" -I../../expander_soft_bsp/microblaze_0/include -mlittle-endian -mcpu=v11.0 -mxl-soft-mul -Wl,--no-relax -ffunction-sections -fdata-sections -MMD -MP -MF"src/helloworld.d" -MT"src/helloworld.o" -o "src/helloworld.o" "../src/helloworld.c"
../src/helloworld.c: In function 'main':
../src/helloworld.c:58:6: warning: variable 'a' set but not used [-Wunused-but-set-variable]
   u8 a = 0;
      ^
'Finished building: ../src/helloworld.c'
' '
'Building target: expander_soft.elf'
'Invoking: MicroBlaze gcc linker'
mb-gcc -Wl,-T -Wl,../src/lscript.ld -L../../expander_soft_bsp/microblaze_0/lib -mlittle-endian -mcpu=v11.0 -mxl-soft-mul -Wl,--no-relax -Wl,--gc-sections -o "expander_soft.elf"  ./src/helloworld.o ./src/platform.o   -Wl,--start-group,-lxil,-lgcc,-lc,--end-group
'Finished building target: expander_soft.elf'
' '
'Invoking: MicroBlaze Print Size'
mb-size expander_soft.elf  |tee "expander_soft.elf.size"
   text	   data	    bss	    dec	    hex	filename
   9564	    704	   3220	  13488	   34b0	expander_soft.elf
'Finished building: expander_soft.elf.size'
' '
10:56:19 **** Auto Build of configuration Debug for project expander_soft ****
make all 
'Building file: ../src/helloworld.c'
'Invoking: MicroBlaze gcc compiler'
mb-gcc -Wall -O0 -g3 -c -fmessage-length=0 -MT"src/helloworld.o" -I../../expander_soft_bsp/microblaze_0/include -mlittle-endian -mcpu=v11.0 -mxl-soft-mul -Wl,--no-relax -ffunction-sections -fdata-sections -MMD -MP -MF"src/helloworld.d" -MT"src/helloworld.o" -o "src/helloworld.o" "../src/helloworld.c"
../src/helloworld.c: In function 'main':
../src/helloworld.c:58:6: warning: variable 'a' set but not used [-Wunused-but-set-variable]
   u8 a = 0;
      ^
'Finished building: ../src/helloworld.c'
' '
'Building target: expander_soft.elf'
'Invoking: MicroBlaze gcc linker'
mb-gcc -Wl,-T -Wl,../src/lscript.ld -L../../expander_soft_bsp/microblaze_0/lib -mlittle-endian -mcpu=v11.0 -mxl-soft-mul -Wl,--no-relax -Wl,--gc-sections -o "expander_soft.elf"  ./src/helloworld.o ./src/platform.o   -Wl,--start-group,-lxil,-lgcc,-lc,--end-group
'Finished building target: expander_soft.elf'
' '
'Invoking: MicroBlaze Print Size'
mb-size expander_soft.elf  |tee "expander_soft.elf.size"
   text	   data	    bss	    dec	    hex	filename
   9564	    704	   3220	  13488	   34b0	expander_soft.elf
'Finished building: expander_soft.elf.size'
' '
10:56:22 **** Incremental Build of configuration Debug for project expander_soft ****
make all 
make: Nothing to be done for 'all'.
10:57:27 **** Incremental Build of configuration Debug for project expander_soft ****
make all 
'Building file: ../src/helloworld.c'
'Invoking: MicroBlaze gcc compiler'
mb-gcc -Wall -O0 -g3 -c -fmessage-length=0 -MT"src/helloworld.o" -I../../expander_soft_bsp/microblaze_0/include -mlittle-endian -mcpu=v11.0 -mxl-soft-mul -Wl,--no-relax -ffunction-sections -fdata-sections -MMD -MP -MF"src/helloworld.d" -MT"src/helloworld.o" -o "src/helloworld.o" "../src/helloworld.c"
../src/helloworld.c: In function 'main':
../src/helloworld.c:58:6: warning: variable 'a' set but not used [-Wunused-but-set-variable]
   u8 a = 0;
      ^
'Finished building: ../src/helloworld.c'
' '
'Building target: expander_soft.elf'
'Invoking: MicroBlaze gcc linker'
mb-gcc -Wl,-T -Wl,../src/lscript.ld -L../../expander_soft_bsp/microblaze_0/lib -mlittle-endian -mcpu=v11.0 -mxl-soft-mul -Wl,--no-relax -Wl,--gc-sections -o "expander_soft.elf"  ./src/helloworld.o ./src/platform.o   -Wl,--start-group,-lxil,-lgcc,-lc,--end-group
'Finished building target: expander_soft.elf'
' '
'Invoking: MicroBlaze Print Size'
mb-size expander_soft.elf  |tee "expander_soft.elf.size"
   text	   data	    bss	    dec	    hex	filename
   9564	    704	   3220	  13488	   34b0	expander_soft.elf
'Finished building: expander_soft.elf.size'
' '
10:57:34 **** Incremental Build of configuration Debug for project expander_soft ****
make all 
make: Nothing to be done for 'all'.
10:57:59 **** Incremental Build of configuration Debug for project expander_soft ****
make all 
make: Nothing to be done for 'all'.
10:58:14 **** Incremental Build of configuration Debug for project expander_soft ****
make all 
make: Nothing to be done for 'all'.
10:58:45 **** Auto Build of configuration Debug for project expander_soft ****
make all 
'Building file: ../src/helloworld.c'
'Invoking: MicroBlaze gcc compiler'
mb-gcc -Wall -O0 -g3 -c -fmessage-length=0 -MT"src/helloworld.o" -I../../expander_soft_bsp/microblaze_0/include -mlittle-endian -mcpu=v11.0 -mxl-soft-mul -Wl,--no-relax -ffunction-sections -fdata-sections -MMD -MP -MF"src/helloworld.d" -MT"src/helloworld.o" -o "src/helloworld.o" "../src/helloworld.c"
../src/helloworld.c: In function 'main':
../src/helloworld.c:58:6: warning: variable 'a' set but not used [-Wunused-but-set-variable]
   u8 a = 0;
      ^
'Finished building: ../src/helloworld.c'
' '
'Building target: expander_soft.elf'
'Invoking: MicroBlaze gcc linker'
mb-gcc -Wl,-T -Wl,../src/lscript.ld -L../../expander_soft_bsp/microblaze_0/lib -mlittle-endian -mcpu=v11.0 -mxl-soft-mul -Wl,--no-relax -Wl,--gc-sections -o "expander_soft.elf"  ./src/helloworld.o ./src/platform.o   -Wl,--start-group,-lxil,-lgcc,-lc,--end-group
'Finished building target: expander_soft.elf'
' '
'Invoking: MicroBlaze Print Size'
mb-size expander_soft.elf  |tee "expander_soft.elf.size"
   text	   data	    bss	    dec	    hex	filename
   9604	    704	   3220	  13528	   34d8	expander_soft.elf
'Finished building: expander_soft.elf.size'
' '
10:58:47 **** Incremental Build of configuration Debug for project expander_soft ****
make all 
make: Nothing to be done for 'all'.
10:59:02 **** Incremental Build of configuration Debug for project expander_soft ****
make all 
'Building file: ../src/helloworld.c'
'Invoking: MicroBlaze gcc compiler'
mb-gcc -Wall -O0 -g3 -c -fmessage-length=0 -MT"src/helloworld.o" -I../../expander_soft_bsp/microblaze_0/include -mlittle-endian -mcpu=v11.0 -mxl-soft-mul -Wl,--no-relax -ffunction-sections -fdata-sections -MMD -MP -MF"src/helloworld.d" -MT"src/helloworld.o" -o "src/helloworld.o" "../src/helloworld.c"
../src/helloworld.c: In function 'main':
../src/helloworld.c:58:6: warning: variable 'a' set but not used [-Wunused-but-set-variable]
   u8 a = 0;
      ^
'Finished building: ../src/helloworld.c'
' '
'Building target: expander_soft.elf'
'Invoking: MicroBlaze gcc linker'
mb-gcc -Wl,-T -Wl,../src/lscript.ld -L../../expander_soft_bsp/microblaze_0/lib -mlittle-endian -mcpu=v11.0 -mxl-soft-mul -Wl,--no-relax -Wl,--gc-sections -o "expander_soft.elf"  ./src/helloworld.o ./src/platform.o   -Wl,--start-group,-lxil,-lgcc,-lc,--end-group
'Finished building target: expander_soft.elf'
' '
'Invoking: MicroBlaze Print Size'
mb-size expander_soft.elf  |tee "expander_soft.elf.size"
   text	   data	    bss	    dec	    hex	filename
   9604	    704	   3220	  13528	   34d8	expander_soft.elf
'Finished building: expander_soft.elf.size'
' '
10:59:19 **** Auto Build of configuration Debug for project expander_soft ****
make all 
'Building file: ../src/helloworld.c'
'Invoking: MicroBlaze gcc compiler'
mb-gcc -Wall -O0 -g3 -c -fmessage-length=0 -MT"src/helloworld.o" -I../../expander_soft_bsp/microblaze_0/include -mlittle-endian -mcpu=v11.0 -mxl-soft-mul -Wl,--no-relax -ffunction-sections -fdata-sections -MMD -MP -MF"src/helloworld.d" -MT"src/helloworld.o" -o "src/helloworld.o" "../src/helloworld.c"
../src/helloworld.c: In function 'main':
../src/helloworld.c:58:6: warning: variable 'a' set but not used [-Wunused-but-set-variable]
   u8 a = 0;
      ^
'Finished building: ../src/helloworld.c'
' '
'Building target: expander_soft.elf'
'Invoking: MicroBlaze gcc linker'
mb-gcc -Wl,-T -Wl,../src/lscript.ld -L../../expander_soft_bsp/microblaze_0/lib -mlittle-endian -mcpu=v11.0 -mxl-soft-mul -Wl,--no-relax -Wl,--gc-sections -o "expander_soft.elf"  ./src/helloworld.o ./src/platform.o   -Wl,--start-group,-lxil,-lgcc,-lc,--end-group
'Finished building target: expander_soft.elf'
' '
'Invoking: MicroBlaze Print Size'
mb-size expander_soft.elf  |tee "expander_soft.elf.size"
   text	   data	    bss	    dec	    hex	filename
   9604	    704	   3220	  13528	   34d8	expander_soft.elf
'Finished building: expander_soft.elf.size'
' '
10:59:24 **** Incremental Build of configuration Debug for project expander_soft ****
make all 
make: Nothing to be done for 'all'.
10:59:34 **** Incremental Build of configuration Debug for project expander_soft ****
make all 
make: Nothing to be done for 'all'.
10:59:52 **** Incremental Build of configuration Debug for project expander_soft ****
make all 
make: Nothing to be done for 'all'.
11:00:00 **** Incremental Build of configuration Debug for project expander_soft ****
make all 
'Building file: ../src/helloworld.c'
'Invoking: MicroBlaze gcc compiler'
mb-gcc -Wall -O0 -g3 -c -fmessage-length=0 -MT"src/helloworld.o" -I../../expander_soft_bsp/microblaze_0/include -mlittle-endian -mcpu=v11.0 -mxl-soft-mul -Wl,--no-relax -ffunction-sections -fdata-sections -MMD -MP -MF"src/helloworld.d" -MT"src/helloworld.o" -o "src/helloworld.o" "../src/helloworld.c"
../src/helloworld.c: In function 'main':
../src/helloworld.c:58:6: warning: variable 'a' set but not used [-Wunused-but-set-variable]
   u8 a = 0;
      ^
'Finished building: ../src/helloworld.c'
' '
'Building target: expander_soft.elf'
'Invoking: MicroBlaze gcc linker'
mb-gcc -Wl,-T -Wl,../src/lscript.ld -L../../expander_soft_bsp/microblaze_0/lib -mlittle-endian -mcpu=v11.0 -mxl-soft-mul -Wl,--no-relax -Wl,--gc-sections -o "expander_soft.elf"  ./src/helloworld.o ./src/platform.o   -Wl,--start-group,-lxil,-lgcc,-lc,--end-group
'Finished building target: expander_soft.elf'
' '
'Invoking: MicroBlaze Print Size'
mb-size expander_soft.elf  |tee "expander_soft.elf.size"
   text	   data	    bss	    dec	    hex	filename
   9604	    704	   3220	  13528	   34d8	expander_soft.elf
'Finished building: expander_soft.elf.size'
' '
11:00:45 **** Auto Build of configuration Debug for project expander_soft ****
make all 
'Building file: ../src/helloworld.c'
'Invoking: MicroBlaze gcc compiler'
mb-gcc -Wall -O0 -g3 -c -fmessage-length=0 -MT"src/helloworld.o" -I../../expander_soft_bsp/microblaze_0/include -mlittle-endian -mcpu=v11.0 -mxl-soft-mul -Wl,--no-relax -ffunction-sections -fdata-sections -MMD -MP -MF"src/helloworld.d" -MT"src/helloworld.o" -o "src/helloworld.o" "../src/helloworld.c"
../src/helloworld.c: In function 'main':
../src/helloworld.c:58:6: warning: variable 'a' set but not used [-Wunused-but-set-variable]
   u8 a = 0;
      ^
'Finished building: ../src/helloworld.c'
' '
'Building target: expander_soft.elf'
'Invoking: MicroBlaze gcc linker'
mb-gcc -Wl,-T -Wl,../src/lscript.ld -L../../expander_soft_bsp/microblaze_0/lib -mlittle-endian -mcpu=v11.0 -mxl-soft-mul -Wl,--no-relax -Wl,--gc-sections -o "expander_soft.elf"  ./src/helloworld.o ./src/platform.o   -Wl,--start-group,-lxil,-lgcc,-lc,--end-group
'Finished building target: expander_soft.elf'
' '
'Invoking: MicroBlaze Print Size'
mb-size expander_soft.elf  |tee "expander_soft.elf.size"
   text	   data	    bss	    dec	    hex	filename
   9604	    704	   3220	  13528	   34d8	expander_soft.elf
'Finished building: expander_soft.elf.size'
' '
11:00:51 **** Incremental Build of configuration Debug for project expander_soft ****
make all 
make: Nothing to be done for 'all'.
11:02:11 **** Incremental Build of configuration Debug for project expander_soft ****
make all 
'Building file: ../src/helloworld.c'
'Invoking: MicroBlaze gcc compiler'
mb-gcc -Wall -O0 -g3 -c -fmessage-length=0 -MT"src/helloworld.o" -I../../expander_soft_bsp/microblaze_0/include -mlittle-endian -mcpu=v11.0 -mxl-soft-mul -Wl,--no-relax -ffunction-sections -fdata-sections -MMD -MP -MF"src/helloworld.d" -MT"src/helloworld.o" -o "src/helloworld.o" "../src/helloworld.c"
../src/helloworld.c: In function 'main':
../src/helloworld.c:58:6: warning: variable 'a' set but not used [-Wunused-but-set-variable]
   u8 a = 0;
      ^
'Finished building: ../src/helloworld.c'
' '
'Building target: expander_soft.elf'
'Invoking: MicroBlaze gcc linker'
mb-gcc -Wl,-T -Wl,../src/lscript.ld -L../../expander_soft_bsp/microblaze_0/lib -mlittle-endian -mcpu=v11.0 -mxl-soft-mul -Wl,--no-relax -Wl,--gc-sections -o "expander_soft.elf"  ./src/helloworld.o ./src/platform.o   -Wl,--start-group,-lxil,-lgcc,-lc,--end-group
'Finished building target: expander_soft.elf'
' '
'Invoking: MicroBlaze Print Size'
mb-size expander_soft.elf  |tee "expander_soft.elf.size"
   text	   data	    bss	    dec	    hex	filename
   9788	    704	   3220	  13712	   3590	expander_soft.elf
'Finished building: expander_soft.elf.size'
' '
11:02:16 **** Incremental Build of configuration Debug for project expander_soft ****
make all 
make: Nothing to be done for 'all'.
11:02:51 **** Incremental Build of configuration Debug for project expander_soft ****
make all 
make: Nothing to be done for 'all'.
11:05:43 **** Incremental Build of configuration Debug for project expander_soft ****
make all 
'Building file: ../src/helloworld.c'
'Invoking: MicroBlaze gcc compiler'
mb-gcc -Wall -O0 -g3 -c -fmessage-length=0 -MT"src/helloworld.o" -I../../expander_soft_bsp/microblaze_0/include -mlittle-endian -mcpu=v11.0 -mxl-soft-mul -Wl,--no-relax -ffunction-sections -fdata-sections -MMD -MP -MF"src/helloworld.d" -MT"src/helloworld.o" -o "src/helloworld.o" "../src/helloworld.c"
../src/helloworld.c: In function 'main':
../src/helloworld.c:43:4: warning: this 'while' clause does not guard... [-Wmisleading-indentation]
    while(((*(u32 *)(MST_IIC_BASE_ADDR + 0x104 ))&(0x40)));  // Check for RX_FIFO not empty to read data from RX_FIFO
    ^~~~~
../src/helloworld.c:44:3: note: ...this statement, but the latter is misleadingly indented as if it were guarded by the 'while'
   pl_mst_read[i] = *(u32 *)(MST_IIC_BASE_ADDR + 0x10C);  // Read data from RX FIFO
   ^~~~~~~~~~~
'Finished building: ../src/helloworld.c'
' '
'Building target: expander_soft.elf'
'Invoking: MicroBlaze gcc linker'
mb-gcc -Wl,-T -Wl,../src/lscript.ld -L../../expander_soft_bsp/microblaze_0/lib -mlittle-endian -mcpu=v11.0 -mxl-soft-mul -Wl,--no-relax -Wl,--gc-sections -o "expander_soft.elf"  ./src/helloworld.o ./src/platform.o   -Wl,--start-group,-lxil,-lgcc,-lc,--end-group
'Finished building target: expander_soft.elf'
' '
'Invoking: MicroBlaze Print Size'
mb-size expander_soft.elf  |tee "expander_soft.elf.size"
   text	   data	    bss	    dec	    hex	filename
   7876	    684	   3112	  11672	   2d98	expander_soft.elf
'Finished building: expander_soft.elf.size'
' '
11:09:15 **** Incremental Build of configuration Debug for project expander_soft ****
make all 
'Building file: ../src/helloworld.c'
'Invoking: MicroBlaze gcc compiler'
mb-gcc -Wall -O0 -g3 -c -fmessage-length=0 -MT"src/helloworld.o" -I../../expander_soft_bsp/microblaze_0/include -mlittle-endian -mcpu=v11.0 -mxl-soft-mul -Wl,--no-relax -ffunction-sections -fdata-sections -MMD -MP -MF"src/helloworld.d" -MT"src/helloworld.o" -o "src/helloworld.o" "../src/helloworld.c"
'Finished building: ../src/helloworld.c'
' '
'Building target: expander_soft.elf'
'Invoking: MicroBlaze gcc linker'
mb-gcc -Wl,-T -Wl,../src/lscript.ld -L../../expander_soft_bsp/microblaze_0/lib -mlittle-endian -mcpu=v11.0 -mxl-soft-mul -Wl,--no-relax -Wl,--gc-sections -o "expander_soft.elf"  ./src/helloworld.o ./src/platform.o   -Wl,--start-group,-lxil,-lgcc,-lc,--end-group
'Finished building target: expander_soft.elf'
' '
'Invoking: MicroBlaze Print Size'
mb-size expander_soft.elf  |tee "expander_soft.elf.size"
   text	   data	    bss	    dec	    hex	filename
  12016	    712	   3208	  15936	   3e40	expander_soft.elf
'Finished building: expander_soft.elf.size'
' '
11:09:34 **** Incremental Build of configuration Debug for project expander_soft ****
make all 
make: Nothing to be done for 'all'.
11:10:08 **** Auto Build of configuration Debug for project expander_soft ****
make all 
'Building file: ../src/helloworld.c'
'Invoking: MicroBlaze gcc compiler'
mb-gcc -Wall -O0 -g3 -c -fmessage-length=0 -MT"src/helloworld.o" -I../../expander_soft_bsp/microblaze_0/include -mlittle-endian -mcpu=v11.0 -mxl-soft-mul -Wl,--no-relax -ffunction-sections -fdata-sections -MMD -MP -MF"src/helloworld.d" -MT"src/helloworld.o" -o "src/helloworld.o" "../src/helloworld.c"
'Finished building: ../src/helloworld.c'
' '
'Building target: expander_soft.elf'
'Invoking: MicroBlaze gcc linker'
mb-gcc -Wl,-T -Wl,../src/lscript.ld -L../../expander_soft_bsp/microblaze_0/lib -mlittle-endian -mcpu=v11.0 -mxl-soft-mul -Wl,--no-relax -Wl,--gc-sections -o "expander_soft.elf"  ./src/helloworld.o ./src/platform.o   -Wl,--start-group,-lxil,-lgcc,-lc,--end-group
'Finished building target: expander_soft.elf'
' '
'Invoking: MicroBlaze Print Size'
mb-size expander_soft.elf  |tee "expander_soft.elf.size"
   text	   data	    bss	    dec	    hex	filename
  12016	    712	   3208	  15936	   3e40	expander_soft.elf
'Finished building: expander_soft.elf.size'
' '
11:10:10 **** Incremental Build of configuration Debug for project expander_soft ****
make all 
make: Nothing to be done for 'all'.
11:11:45 **** Incremental Build of configuration Debug for project expander_soft ****
make all 
'Building file: ../src/helloworld.c'
'Invoking: MicroBlaze gcc compiler'
mb-gcc -Wall -O0 -g3 -c -fmessage-length=0 -MT"src/helloworld.o" -I../../expander_soft_bsp/microblaze_0/include -mlittle-endian -mcpu=v11.0 -mxl-soft-mul -Wl,--no-relax -ffunction-sections -fdata-sections -MMD -MP -MF"src/helloworld.d" -MT"src/helloworld.o" -o "src/helloworld.o" "../src/helloworld.c"
'Finished building: ../src/helloworld.c'
' '
'Building target: expander_soft.elf'
'Invoking: MicroBlaze gcc linker'
mb-gcc -Wl,-T -Wl,../src/lscript.ld -L../../expander_soft_bsp/microblaze_0/lib -mlittle-endian -mcpu=v11.0 -mxl-soft-mul -Wl,--no-relax -Wl,--gc-sections -o "expander_soft.elf"  ./src/helloworld.o ./src/platform.o   -Wl,--start-group,-lxil,-lgcc,-lc,--end-group
'Finished building target: expander_soft.elf'
' '
'Invoking: MicroBlaze Print Size'
mb-size expander_soft.elf  |tee "expander_soft.elf.size"
   text	   data	    bss	    dec	    hex	filename
  12020	    712	   3212	  15944	   3e48	expander_soft.elf
'Finished building: expander_soft.elf.size'
' '
11:12:04 **** Incremental Build of configuration Debug for project expander_soft ****
make all 
make: Nothing to be done for 'all'.
11:12:31 **** Incremental Build of configuration Debug for project expander_soft ****
make all 
make: Nothing to be done for 'all'.
11:12:42 **** Incremental Build of configuration Debug for project expander_soft ****
make all 
make: Nothing to be done for 'all'.
11:12:43 **** Incremental Build of configuration Debug for project expander_soft ****
make all 
make: Nothing to be done for 'all'.
11:13:06 **** Incremental Build of configuration Debug for project expander_soft ****
make all 
make: Nothing to be done for 'all'.
11:13:15 **** Incremental Build of configuration Debug for project expander_soft ****
make all 
make: Nothing to be done for 'all'.
11:13:41 **** Incremental Build of configuration Debug for project expander_soft ****
make all 
make: Nothing to be done for 'all'.
11:17:55 **** Incremental Build of configuration Debug for project expander_soft ****
make all 
'Building file: ../src/helloworld.c'
'Invoking: MicroBlaze gcc compiler'
mb-gcc -Wall -O0 -g3 -c -fmessage-length=0 -MT"src/helloworld.o" -I../../expander_soft_bsp/microblaze_0/include -mlittle-endian -mcpu=v11.0 -mxl-soft-mul -Wl,--no-relax -ffunction-sections -fdata-sections -MMD -MP -MF"src/helloworld.d" -MT"src/helloworld.o" -o "src/helloworld.o" "../src/helloworld.c"
../src/helloworld.c: In function 'Iic_Write_Polled':
../src/helloworld.c:106:3: error: 'StatusReg' undeclared (first use in this function); did you mean 'XStatus'?
   StatusReg = XIic_ReadReg(BaseAddress, XIIC_SR_REG_OFFSET);
   ^~~~~~~~~
   XStatus
../src/helloworld.c:106:3: note: each undeclared identifier is reported only once for each function it appears in
In file included from ../../expander_soft_bsp/microblaze_0/include/xiic.h:324,
                 from ../src/helloworld.c:2:
../src/helloworld.c:106:28: error: 'BaseAddress' undeclared (first use in this function); did you mean 'XIic_GetAddress'?
   StatusReg = XIic_ReadReg(BaseAddress, XIIC_SR_REG_OFFSET);
                            ^~~~~~~~~~~
../../expander_soft_bsp/microblaze_0/include/xiic_l.h:276:13: note: in definition of macro 'XIic_ReadReg'
  XIic_In32((BaseAddress) + (RegOffset))
             ^~~~~~~~~~~
make: *** [src/subdir.mk:26: src/helloworld.o] Error 1
11:18:40 **** Auto Build of configuration Debug for project expander_soft ****
make all 
'Building file: ../src/helloworld.c'
'Invoking: MicroBlaze gcc compiler'
mb-gcc -Wall -O0 -g3 -c -fmessage-length=0 -MT"src/helloworld.o" -I../../expander_soft_bsp/microblaze_0/include -mlittle-endian -mcpu=v11.0 -mxl-soft-mul -Wl,--no-relax -ffunction-sections -fdata-sections -MMD -MP -MF"src/helloworld.d" -MT"src/helloworld.o" -o "src/helloworld.o" "../src/helloworld.c"
In file included from ../../expander_soft_bsp/microblaze_0/include/xiic.h:324,
                 from ../src/helloworld.c:2:
../src/helloworld.c: In function 'Iic_Write_Polled':
../src/helloworld.c:107:28: error: 'BaseAddress' undeclared (first use in this function); did you mean 'XIic_GetAddress'?
   StatusReg = XIic_ReadReg(BaseAddress, XIIC_SR_REG_OFFSET);
                            ^~~~~~~~~~~
../../expander_soft_bsp/microblaze_0/include/xiic_l.h:276:13: note: in definition of macro 'XIic_ReadReg'
  XIic_In32((BaseAddress) + (RegOffset))
             ^~~~~~~~~~~
../src/helloworld.c:107:28: note: each undeclared identifier is reported only once for each function it appears in
   StatusReg = XIic_ReadReg(BaseAddress, XIIC_SR_REG_OFFSET);
                            ^~~~~~~~~~~
../../expander_soft_bsp/microblaze_0/include/xiic_l.h:276:13: note: in definition of macro 'XIic_ReadReg'
  XIic_In32((BaseAddress) + (RegOffset))
             ^~~~~~~~~~~
make: *** [src/subdir.mk:26: src/helloworld.o] Error 1
11:19:17 **** Auto Build of configuration Debug for project expander_soft ****
make all 
'Building file: ../src/helloworld.c'
'Invoking: MicroBlaze gcc compiler'
mb-gcc -Wall -O0 -g3 -c -fmessage-length=0 -MT"src/helloworld.o" -I../../expander_soft_bsp/microblaze_0/include -mlittle-endian -mcpu=v11.0 -mxl-soft-mul -Wl,--no-relax -ffunction-sections -fdata-sections -MMD -MP -MF"src/helloworld.d" -MT"src/helloworld.o" -o "src/helloworld.o" "../src/helloworld.c"
'Finished building: ../src/helloworld.c'
' '
'Building target: expander_soft.elf'
'Invoking: MicroBlaze gcc linker'
mb-gcc -Wl,-T -Wl,../src/lscript.ld -L../../expander_soft_bsp/microblaze_0/lib -mlittle-endian -mcpu=v11.0 -mxl-soft-mul -Wl,--no-relax -Wl,--gc-sections -o "expander_soft.elf"  ./src/helloworld.o ./src/platform.o   -Wl,--start-group,-lxil,-lgcc,-lc,--end-group
'Finished building target: expander_soft.elf'
' '
'Invoking: MicroBlaze Print Size'
mb-size expander_soft.elf  |tee "expander_soft.elf.size"
   text	   data	    bss	    dec	    hex	filename
  12132	    712	   3212	  16056	   3eb8	expander_soft.elf
'Finished building: expander_soft.elf.size'
' '
11:19:27 **** Incremental Build of configuration Debug for project expander_soft ****
make all 
'Building file: ../src/helloworld.c'
'Invoking: MicroBlaze gcc compiler'
mb-gcc -Wall -O0 -g3 -c -fmessage-length=0 -MT"src/helloworld.o" -I../../expander_soft_bsp/microblaze_0/include -mlittle-endian -mcpu=v11.0 -mxl-soft-mul -Wl,--no-relax -ffunction-sections -fdata-sections -MMD -MP -MF"src/helloworld.d" -MT"src/helloworld.o" -o "src/helloworld.o" "../src/helloworld.c"
'Finished building: ../src/helloworld.c'
' '
'Building target: expander_soft.elf'
'Invoking: MicroBlaze gcc linker'
mb-gcc -Wl,-T -Wl,../src/lscript.ld -L../../expander_soft_bsp/microblaze_0/lib -mlittle-endian -mcpu=v11.0 -mxl-soft-mul -Wl,--no-relax -Wl,--gc-sections -o "expander_soft.elf"  ./src/helloworld.o ./src/platform.o   -Wl,--start-group,-lxil,-lgcc,-lc,--end-group
'Finished building target: expander_soft.elf'
' '
'Invoking: MicroBlaze Print Size'
mb-size expander_soft.elf  |tee "expander_soft.elf.size"
   text	   data	    bss	    dec	    hex	filename
  12132	    712	   3212	  16056	   3eb8	expander_soft.elf
'Finished building: expander_soft.elf.size'
' '
11:23:38 **** Incremental Build of configuration Debug for project expander_soft ****
make all 
'Building file: ../src/helloworld.c'
'Invoking: MicroBlaze gcc compiler'
mb-gcc -Wall -O0 -g3 -c -fmessage-length=0 -MT"src/helloworld.o" -I../../expander_soft_bsp/microblaze_0/include -mlittle-endian -mcpu=v11.0 -mxl-soft-mul -Wl,--no-relax -ffunction-sections -fdata-sections -MMD -MP -MF"src/helloworld.d" -MT"src/helloworld.o" -o "src/helloworld.o" "../src/helloworld.c"
In file included from ../../expander_soft_bsp/microblaze_0/include/xiic.h:324,
                 from ../src/helloworld.c:2:
../src/helloworld.c: In function 'Iic_Write_Polled':
../src/helloworld.c:107:58: error: 'CtrlReg' undeclared (first use in this function); did you mean 'strlen'?
   XIic_WriteReg(XPAR_IIC_0_BASEADDR, XIIC_CR_REG_OFFSET, CtrlReg | XIIC_CR_TX_FIFO_RESET_MASK);
                                                          ^~~~~~~
../../expander_soft_bsp/microblaze_0/include/xiic_l.h:299:43: note: in definition of macro 'XIic_WriteReg'
  XIic_Out32((BaseAddress) + (RegOffset), (RegisterValue))
                                           ^~~~~~~~~~~~~
../src/helloworld.c:107:58: note: each undeclared identifier is reported only once for each function it appears in
   XIic_WriteReg(XPAR_IIC_0_BASEADDR, XIIC_CR_REG_OFFSET, CtrlReg | XIIC_CR_TX_FIFO_RESET_MASK);
                                                          ^~~~~~~
../../expander_soft_bsp/microblaze_0/include/xiic_l.h:299:43: note: in definition of macro 'XIic_WriteReg'
  XIic_Out32((BaseAddress) + (RegOffset), (RegisterValue))
                                           ^~~~~~~~~~~~~
../src/helloworld.c:99:6: warning: variable 'StatusReg' set but not used [-Wunused-but-set-variable]
  u32 StatusReg;
      ^~~~~~~~~
make: *** [src/subdir.mk:26: src/helloworld.o] Error 1
11:23:55 **** Auto Build of configuration Debug for project expander_soft ****
make all 
'Building file: ../src/helloworld.c'
'Invoking: MicroBlaze gcc compiler'
mb-gcc -Wall -O0 -g3 -c -fmessage-length=0 -MT"src/helloworld.o" -I../../expander_soft_bsp/microblaze_0/include -mlittle-endian -mcpu=v11.0 -mxl-soft-mul -Wl,--no-relax -ffunction-sections -fdata-sections -MMD -MP -MF"src/helloworld.d" -MT"src/helloworld.o" -o "src/helloworld.o" "../src/helloworld.c"
'Finished building: ../src/helloworld.c'
' '
'Building target: expander_soft.elf'
'Invoking: MicroBlaze gcc linker'
mb-gcc -Wl,-T -Wl,../src/lscript.ld -L../../expander_soft_bsp/microblaze_0/lib -mlittle-endian -mcpu=v11.0 -mxl-soft-mul -Wl,--no-relax -Wl,--gc-sections -o "expander_soft.elf"  ./src/helloworld.o ./src/platform.o   -Wl,--start-group,-lxil,-lgcc,-lc,--end-group
'Finished building target: expander_soft.elf'
' '
'Invoking: MicroBlaze Print Size'
mb-size expander_soft.elf  |tee "expander_soft.elf.size"
   text	   data	    bss	    dec	    hex	filename
  12232	    712	   3208	  16152	   3f18	expander_soft.elf
'Finished building: expander_soft.elf.size'
' '
11:24:07 **** Auto Build of configuration Debug for project expander_soft ****
make all 
'Building file: ../src/helloworld.c'
'Invoking: MicroBlaze gcc compiler'
mb-gcc -Wall -O0 -g3 -c -fmessage-length=0 -MT"src/helloworld.o" -I../../expander_soft_bsp/microblaze_0/include -mlittle-endian -mcpu=v11.0 -mxl-soft-mul -Wl,--no-relax -ffunction-sections -fdata-sections -MMD -MP -MF"src/helloworld.d" -MT"src/helloworld.o" -o "src/helloworld.o" "../src/helloworld.c"
../src/helloworld.c: In function 'Iic_Write_Polled':
../src/helloworld.c:106:3: error: unknown type name 'U32'; did you mean 's32'?
   U32 StatusReg = XIic_ReadReg(XPAR_IIC_0_BASEADDR, XIIC_SR_REG_OFFSET);
   ^~~
   s32
make: *** [src/subdir.mk:26: src/helloworld.o] Error 1
11:24:10 **** Auto Build of configuration Debug for project expander_soft ****
make all 
'Building file: ../src/helloworld.c'
'Invoking: MicroBlaze gcc compiler'
mb-gcc -Wall -O0 -g3 -c -fmessage-length=0 -MT"src/helloworld.o" -I../../expander_soft_bsp/microblaze_0/include -mlittle-endian -mcpu=v11.0 -mxl-soft-mul -Wl,--no-relax -ffunction-sections -fdata-sections -MMD -MP -MF"src/helloworld.d" -MT"src/helloworld.o" -o "src/helloworld.o" "../src/helloworld.c"
'Finished building: ../src/helloworld.c'
' '
'Building target: expander_soft.elf'
'Invoking: MicroBlaze gcc linker'
mb-gcc -Wl,-T -Wl,../src/lscript.ld -L../../expander_soft_bsp/microblaze_0/lib -mlittle-endian -mcpu=v11.0 -mxl-soft-mul -Wl,--no-relax -Wl,--gc-sections -o "expander_soft.elf"  ./src/helloworld.o ./src/platform.o   -Wl,--start-group,-lxil,-lgcc,-lc,--end-group
'Finished building target: expander_soft.elf'
' '
'Invoking: MicroBlaze Print Size'
mb-size expander_soft.elf  |tee "expander_soft.elf.size"
   text	   data	    bss	    dec	    hex	filename
  12232	    712	   3208	  16152	   3f18	expander_soft.elf
'Finished building: expander_soft.elf.size'
' '
11:24:14 **** Incremental Build of configuration Debug for project expander_soft ****
make all 
make: Nothing to be done for 'all'.
11:25:06 **** Auto Build of configuration Debug for project expander_soft ****
make all 
'Building file: ../src/helloworld.c'
'Invoking: MicroBlaze gcc compiler'
mb-gcc -Wall -O0 -g3 -c -fmessage-length=0 -MT"src/helloworld.o" -I../../expander_soft_bsp/microblaze_0/include -mlittle-endian -mcpu=v11.0 -mxl-soft-mul -Wl,--no-relax -ffunction-sections -fdata-sections -MMD -MP -MF"src/helloworld.d" -MT"src/helloworld.o" -o "src/helloworld.o" "../src/helloworld.c"
'Finished building: ../src/helloworld.c'
' '
'Building target: expander_soft.elf'
'Invoking: MicroBlaze gcc linker'
mb-gcc -Wl,-T -Wl,../src/lscript.ld -L../../expander_soft_bsp/microblaze_0/lib -mlittle-endian -mcpu=v11.0 -mxl-soft-mul -Wl,--no-relax -Wl,--gc-sections -o "expander_soft.elf"  ./src/helloworld.o ./src/platform.o   -Wl,--start-group,-lxil,-lgcc,-lc,--end-group
'Finished building target: expander_soft.elf'
' '
'Invoking: MicroBlaze Print Size'
mb-size expander_soft.elf  |tee "expander_soft.elf.size"
   text	   data	    bss	    dec	    hex	filename
  12236	    712	   3212	  16160	   3f20	expander_soft.elf
'Finished building: expander_soft.elf.size'
' '
11:25:08 **** Incremental Build of configuration Debug for project expander_soft ****
make all 
make: Nothing to be done for 'all'.
11:25:46 **** Auto Build of configuration Debug for project expander_soft ****
make all 
'Building file: ../src/helloworld.c'
'Invoking: MicroBlaze gcc compiler'
mb-gcc -Wall -O0 -g3 -c -fmessage-length=0 -MT"src/helloworld.o" -I../../expander_soft_bsp/microblaze_0/include -mlittle-endian -mcpu=v11.0 -mxl-soft-mul -Wl,--no-relax -ffunction-sections -fdata-sections -MMD -MP -MF"src/helloworld.d" -MT"src/helloworld.o" -o "src/helloworld.o" "../src/helloworld.c"
'Finished building: ../src/helloworld.c'
' '
'Building target: expander_soft.elf'
'Invoking: MicroBlaze gcc linker'
mb-gcc -Wl,-T -Wl,../src/lscript.ld -L../../expander_soft_bsp/microblaze_0/lib -mlittle-endian -mcpu=v11.0 -mxl-soft-mul -Wl,--no-relax -Wl,--gc-sections -o "expander_soft.elf"  ./src/helloworld.o ./src/platform.o   -Wl,--start-group,-lxil,-lgcc,-lc,--end-group
'Finished building target: expander_soft.elf'
' '
'Invoking: MicroBlaze Print Size'
mb-size expander_soft.elf  |tee "expander_soft.elf.size"
   text	   data	    bss	    dec	    hex	filename
  12236	    712	   3212	  16160	   3f20	expander_soft.elf
'Finished building: expander_soft.elf.size'
' '
11:25:49 **** Incremental Build of configuration Debug for project expander_soft ****
make all 
make: Nothing to be done for 'all'.
11:26:14 **** Auto Build of configuration Debug for project expander_soft ****
make all 
'Building file: ../src/helloworld.c'
'Invoking: MicroBlaze gcc compiler'
mb-gcc -Wall -O0 -g3 -c -fmessage-length=0 -MT"src/helloworld.o" -I../../expander_soft_bsp/microblaze_0/include -mlittle-endian -mcpu=v11.0 -mxl-soft-mul -Wl,--no-relax -ffunction-sections -fdata-sections -MMD -MP -MF"src/helloworld.d" -MT"src/helloworld.o" -o "src/helloworld.o" "../src/helloworld.c"
'Finished building: ../src/helloworld.c'
' '
'Building target: expander_soft.elf'
'Invoking: MicroBlaze gcc linker'
mb-gcc -Wl,-T -Wl,../src/lscript.ld -L../../expander_soft_bsp/microblaze_0/lib -mlittle-endian -mcpu=v11.0 -mxl-soft-mul -Wl,--no-relax -Wl,--gc-sections -o "expander_soft.elf"  ./src/helloworld.o ./src/platform.o   -Wl,--start-group,-lxil,-lgcc,-lc,--end-group
'Finished building target: expander_soft.elf'
' '
'Invoking: MicroBlaze Print Size'
mb-size expander_soft.elf  |tee "expander_soft.elf.size"
   text	   data	    bss	    dec	    hex	filename
  12256	    712	   3208	  16176	   3f30	expander_soft.elf
'Finished building: expander_soft.elf.size'
' '
11:26:16 **** Incremental Build of configuration Debug for project expander_soft ****
make all 
make: Nothing to be done for 'all'.
11:26:44 **** Incremental Build of configuration Debug for project expander_soft ****
make all 
make: Nothing to be done for 'all'.
11:28:08 **** Auto Build of configuration Debug for project expander_soft ****
make all 
'Building file: ../src/helloworld.c'
'Invoking: MicroBlaze gcc compiler'
mb-gcc -Wall -O0 -g3 -c -fmessage-length=0 -MT"src/helloworld.o" -I../../expander_soft_bsp/microblaze_0/include -mlittle-endian -mcpu=v11.0 -mxl-soft-mul -Wl,--no-relax -ffunction-sections -fdata-sections -MMD -MP -MF"src/helloworld.d" -MT"src/helloworld.o" -o "src/helloworld.o" "../src/helloworld.c"
'Finished building: ../src/helloworld.c'
' '
'Building target: expander_soft.elf'
'Invoking: MicroBlaze gcc linker'
mb-gcc -Wl,-T -Wl,../src/lscript.ld -L../../expander_soft_bsp/microblaze_0/lib -mlittle-endian -mcpu=v11.0 -mxl-soft-mul -Wl,--no-relax -Wl,--gc-sections -o "expander_soft.elf"  ./src/helloworld.o ./src/platform.o   -Wl,--start-group,-lxil,-lgcc,-lc,--end-group
'Finished building target: expander_soft.elf'
' '
'Invoking: MicroBlaze Print Size'
mb-size expander_soft.elf  |tee "expander_soft.elf.size"
   text	   data	    bss	    dec	    hex	filename
  12288	    712	   3208	  16208	   3f50	expander_soft.elf
'Finished building: expander_soft.elf.size'
' '
11:28:40 **** Auto Build of configuration Debug for project expander_soft ****
make all 
'Building file: ../src/helloworld.c'
'Invoking: MicroBlaze gcc compiler'
mb-gcc -Wall -O0 -g3 -c -fmessage-length=0 -MT"src/helloworld.o" -I../../expander_soft_bsp/microblaze_0/include -mlittle-endian -mcpu=v11.0 -mxl-soft-mul -Wl,--no-relax -ffunction-sections -fdata-sections -MMD -MP -MF"src/helloworld.d" -MT"src/helloworld.o" -o "src/helloworld.o" "../src/helloworld.c"
'Finished building: ../src/helloworld.c'
' '
'Building target: expander_soft.elf'
'Invoking: MicroBlaze gcc linker'
mb-gcc -Wl,-T -Wl,../src/lscript.ld -L../../expander_soft_bsp/microblaze_0/lib -mlittle-endian -mcpu=v11.0 -mxl-soft-mul -Wl,--no-relax -Wl,--gc-sections -o "expander_soft.elf"  ./src/helloworld.o ./src/platform.o   -Wl,--start-group,-lxil,-lgcc,-lc,--end-group
'Finished building target: expander_soft.elf'
' '
'Invoking: MicroBlaze Print Size'
mb-size expander_soft.elf  |tee "expander_soft.elf.size"
   text	   data	    bss	    dec	    hex	filename
  12280	    712	   3208	  16200	   3f48	expander_soft.elf
'Finished building: expander_soft.elf.size'
' '
11:28:55 **** Auto Build of configuration Debug for project expander_soft ****
make all 
'Building file: ../src/helloworld.c'
'Invoking: MicroBlaze gcc compiler'
mb-gcc -Wall -O0 -g3 -c -fmessage-length=0 -MT"src/helloworld.o" -I../../expander_soft_bsp/microblaze_0/include -mlittle-endian -mcpu=v11.0 -mxl-soft-mul -Wl,--no-relax -ffunction-sections -fdata-sections -MMD -MP -MF"src/helloworld.d" -MT"src/helloworld.o" -o "src/helloworld.o" "../src/helloworld.c"
'Finished building: ../src/helloworld.c'
' '
'Building target: expander_soft.elf'
'Invoking: MicroBlaze gcc linker'
mb-gcc -Wl,-T -Wl,../src/lscript.ld -L../../expander_soft_bsp/microblaze_0/lib -mlittle-endian -mcpu=v11.0 -mxl-soft-mul -Wl,--no-relax -Wl,--gc-sections -o "expander_soft.elf"  ./src/helloworld.o ./src/platform.o   -Wl,--start-group,-lxil,-lgcc,-lc,--end-group
'Finished building target: expander_soft.elf'
' '
'Invoking: MicroBlaze Print Size'
mb-size expander_soft.elf  |tee "expander_soft.elf.size"
   text	   data	    bss	    dec	    hex	filename
  12272	    712	   3208	  16192	   3f40	expander_soft.elf
'Finished building: expander_soft.elf.size'
' '
11:35:22 **** Incremental Build of configuration Debug for project expander_soft ****
make all 
'Building file: ../src/helloworld.c'
'Invoking: MicroBlaze gcc compiler'
mb-gcc -Wall -O0 -g3 -c -fmessage-length=0 -MT"src/helloworld.o" -I../../expander_soft_bsp/microblaze_0/include -mlittle-endian -mcpu=v11.0 -mxl-soft-mul -Wl,--no-relax -ffunction-sections -fdata-sections -MMD -MP -MF"src/helloworld.d" -MT"src/helloworld.o" -o "src/helloworld.o" "../src/helloworld.c"
../src/helloworld.c: In function 'Iic_Write_Polled':
../src/helloworld.c:108:7: warning: unused variable 'b' [-Wunused-variable]
   u32 b = XIic_ReadReg(XPAR_IIC_0_BASEADDR, XIIC_CR_ENABLE_DEVICE_MASK);
       ^
../src/helloworld.c:106:7: warning: unused variable 'StatusReg' [-Wunused-variable]
   u32 StatusReg = XIic_ReadReg(XPAR_IIC_0_BASEADDR, XIIC_SR_REG_OFFSET);
       ^~~~~~~~~
'Finished building: ../src/helloworld.c'
' '
'Building target: expander_soft.elf'
'Invoking: MicroBlaze gcc linker'
mb-gcc -Wl,-T -Wl,../src/lscript.ld -L../../expander_soft_bsp/microblaze_0/lib -mlittle-endian -mcpu=v11.0 -mxl-soft-mul -Wl,--no-relax -Wl,--gc-sections -o "expander_soft.elf"  ./src/helloworld.o ./src/platform.o   -Wl,--start-group,-lxil,-lgcc,-lc,--end-group
'Finished building target: expander_soft.elf'
' '
'Invoking: MicroBlaze Print Size'
mb-size expander_soft.elf  |tee "expander_soft.elf.size"
   text	   data	    bss	    dec	    hex	filename
  12240	    712	   3208	  16160	   3f20	expander_soft.elf
'Finished building: expander_soft.elf.size'
' '
11:36:37 **** Auto Build of configuration Debug for project expander_soft ****
make all 
'Building file: ../src/helloworld.c'
'Invoking: MicroBlaze gcc compiler'
mb-gcc -Wall -O0 -g3 -c -fmessage-length=0 -MT"src/helloworld.o" -I../../expander_soft_bsp/microblaze_0/include -mlittle-endian -mcpu=v11.0 -mxl-soft-mul -Wl,--no-relax -ffunction-sections -fdata-sections -MMD -MP -MF"src/helloworld.d" -MT"src/helloworld.o" -o "src/helloworld.o" "../src/helloworld.c"
../src/helloworld.c: In function 'Iic_Write_Polled':
../src/helloworld.c:108:7: warning: unused variable 'b' [-Wunused-variable]
   u32 b = XIic_ReadReg(XPAR_IIC_0_BASEADDR, XIIC_CR_ENABLE_DEVICE_MASK);
       ^
../src/helloworld.c:106:7: warning: unused variable 'StatusReg' [-Wunused-variable]
   u32 StatusReg = XIic_ReadReg(XPAR_IIC_0_BASEADDR, XIIC_SR_REG_OFFSET);
       ^~~~~~~~~
'Finished building: ../src/helloworld.c'
' '
'Building target: expander_soft.elf'
'Invoking: MicroBlaze gcc linker'
mb-gcc -Wl,-T -Wl,../src/lscript.ld -L../../expander_soft_bsp/microblaze_0/lib -mlittle-endian -mcpu=v11.0 -mxl-soft-mul -Wl,--no-relax -Wl,--gc-sections -o "expander_soft.elf"  ./src/helloworld.o ./src/platform.o   -Wl,--start-group,-lxil,-lgcc,-lc,--end-group
'Finished building target: expander_soft.elf'
' '
'Invoking: MicroBlaze Print Size'
mb-size expander_soft.elf  |tee "expander_soft.elf.size"
   text	   data	    bss	    dec	    hex	filename
  12240	    712	   3208	  16160	   3f20	expander_soft.elf
'Finished building: expander_soft.elf.size'
' '
11:36:43 **** Incremental Build of configuration Debug for project expander_soft ****
make all 
make: Nothing to be done for 'all'.
11:43:16 **** Incremental Build of configuration Debug for project expander_soft ****
make all 
make: Nothing to be done for 'all'.
11:46:01 **** Incremental Build of configuration Debug for project expander_soft ****
make all 
'Building file: ../src/helloworld.c'
'Invoking: MicroBlaze gcc compiler'
mb-gcc -Wall -O0 -g3 -c -fmessage-length=0 -MT"src/helloworld.o" -I../../expander_soft_bsp/microblaze_0/include -mlittle-endian -mcpu=v11.0 -mxl-soft-mul -Wl,--no-relax -ffunction-sections -fdata-sections -MMD -MP -MF"src/helloworld.d" -MT"src/helloworld.o" -o "src/helloworld.o" "../src/helloworld.c"
../src/helloworld.c: In function 'Iic_Write_Polled':
../src/helloworld.c:106:7: warning: unused variable 'StatusReg' [-Wunused-variable]
   u32 StatusReg = XIic_ReadReg(XPAR_IIC_0_BASEADDR, XIIC_SR_REG_OFFSET);
       ^~~~~~~~~
../src/helloworld.c:115:7: warning: unused variable 'b' [-Wunused-variable]
   u32 b = XIic_ReadReg(XPAR_IIC_0_BASEADDR, XIIC_CR_REG_OFFSET+1);
       ^
'Finished building: ../src/helloworld.c'
' '
'Building target: expander_soft.elf'
'Invoking: MicroBlaze gcc linker'
mb-gcc -Wl,-T -Wl,../src/lscript.ld -L../../expander_soft_bsp/microblaze_0/lib -mlittle-endian -mcpu=v11.0 -mxl-soft-mul -Wl,--no-relax -Wl,--gc-sections -o "expander_soft.elf"  ./src/helloworld.o ./src/platform.o   -Wl,--start-group,-lxil,-lgcc,-lc,--end-group
'Finished building target: expander_soft.elf'
' '
'Invoking: MicroBlaze Print Size'
mb-size expander_soft.elf  |tee "expander_soft.elf.size"
   text	   data	    bss	    dec	    hex	filename
  12240	    712	   3208	  16160	   3f20	expander_soft.elf
'Finished building: expander_soft.elf.size'
' '
11:46:30 **** Auto Build of configuration Debug for project expander_soft ****
make all 
'Building file: ../src/helloworld.c'
'Invoking: MicroBlaze gcc compiler'
mb-gcc -Wall -O0 -g3 -c -fmessage-length=0 -MT"src/helloworld.o" -I../../expander_soft_bsp/microblaze_0/include -mlittle-endian -mcpu=v11.0 -mxl-soft-mul -Wl,--no-relax -ffunction-sections -fdata-sections -MMD -MP -MF"src/helloworld.d" -MT"src/helloworld.o" -o "src/helloworld.o" "../src/helloworld.c"
../src/helloworld.c: In function 'Iic_Write_Polled':
../src/helloworld.c:106:7: warning: unused variable 'StatusReg' [-Wunused-variable]
   u32 StatusReg = XIic_ReadReg(XPAR_IIC_0_BASEADDR, XIIC_SR_REG_OFFSET);
       ^~~~~~~~~
../src/helloworld.c:100:6: warning: variable 'b' set but not used [-Wunused-but-set-variable]
  u32 b = 0;
      ^
'Finished building: ../src/helloworld.c'
' '
'Building target: expander_soft.elf'
'Invoking: MicroBlaze gcc linker'
mb-gcc -Wl,-T -Wl,../src/lscript.ld -L../../expander_soft_bsp/microblaze_0/lib -mlittle-endian -mcpu=v11.0 -mxl-soft-mul -Wl,--no-relax -Wl,--gc-sections -o "expander_soft.elf"  ./src/helloworld.o ./src/platform.o   -Wl,--start-group,-lxil,-lgcc,-lc,--end-group
'Finished building target: expander_soft.elf'
' '
'Invoking: MicroBlaze Print Size'
mb-size expander_soft.elf  |tee "expander_soft.elf.size"
   text	   data	    bss	    dec	    hex	filename
  12244	    712	   3212	  16168	   3f28	expander_soft.elf
'Finished building: expander_soft.elf.size'
' '
11:46:31 **** Incremental Build of configuration Debug for project expander_soft ****
make all 
make: Nothing to be done for 'all'.
11:46:54 **** Auto Build of configuration Debug for project expander_soft ****
make all 
'Building file: ../src/helloworld.c'
'Invoking: MicroBlaze gcc compiler'
mb-gcc -Wall -O0 -g3 -c -fmessage-length=0 -MT"src/helloworld.o" -I../../expander_soft_bsp/microblaze_0/include -mlittle-endian -mcpu=v11.0 -mxl-soft-mul -Wl,--no-relax -ffunction-sections -fdata-sections -MMD -MP -MF"src/helloworld.d" -MT"src/helloworld.o" -o "src/helloworld.o" "../src/helloworld.c"
../src/helloworld.c: In function 'Iic_Write_Polled':
../src/helloworld.c:106:7: warning: unused variable 'StatusReg' [-Wunused-variable]
   u32 StatusReg = XIic_ReadReg(XPAR_IIC_0_BASEADDR, XIIC_SR_REG_OFFSET);
       ^~~~~~~~~
../src/helloworld.c:100:6: warning: variable 'b' set but not used [-Wunused-but-set-variable]
  u32 b = 0;
      ^
'Finished building: ../src/helloworld.c'
' '
'Building target: expander_soft.elf'
'Invoking: MicroBlaze gcc linker'
mb-gcc -Wl,-T -Wl,../src/lscript.ld -L../../expander_soft_bsp/microblaze_0/lib -mlittle-endian -mcpu=v11.0 -mxl-soft-mul -Wl,--no-relax -Wl,--gc-sections -o "expander_soft.elf"  ./src/helloworld.o ./src/platform.o   -Wl,--start-group,-lxil,-lgcc,-lc,--end-group
'Finished building target: expander_soft.elf'
' '
'Invoking: MicroBlaze Print Size'
mb-size expander_soft.elf  |tee "expander_soft.elf.size"
   text	   data	    bss	    dec	    hex	filename
  12244	    712	   3212	  16168	   3f28	expander_soft.elf
'Finished building: expander_soft.elf.size'
' '
11:46:56 **** Incremental Build of configuration Debug for project expander_soft ****
make all 
make: Nothing to be done for 'all'.
11:52:42 **** Auto Build of configuration Debug for project expander_soft ****
make all 
'Building file: ../src/helloworld.c'
'Invoking: MicroBlaze gcc compiler'
mb-gcc -Wall -O0 -g3 -c -fmessage-length=0 -MT"src/helloworld.o" -I../../expander_soft_bsp/microblaze_0/include -mlittle-endian -mcpu=v11.0 -mxl-soft-mul -Wl,--no-relax -ffunction-sections -fdata-sections -MMD -MP -MF"src/helloworld.d" -MT"src/helloworld.o" -o "src/helloworld.o" "../src/helloworld.c"
../src/helloworld.c:15:3: error: expected identifier or '(' before '/' token
  */
   ^
../src/helloworld.c: In function 'main':
../src/helloworld.c:48:11: warning: implicit declaration of function 'IicRepeatedStartExample' [-Wimplicit-function-declaration]
  Status = IicRepeatedStartExample();
           ^~~~~~~~~~~~~~~~~~~~~~~
../src/helloworld.c: In function 'WriteData':
../src/helloworld.c:147:6: warning: variable 'BusBusy' set but not used [-Wunused-but-set-variable]
  int BusBusy;
      ^~~~~~~
../src/helloworld.c: In function 'ReadData':
../src/helloworld.c:231:6: warning: variable 'BusBusy' set but not used [-Wunused-but-set-variable]
  int BusBusy;
      ^~~~~~~
make: *** [src/subdir.mk:26: src/helloworld.o] Error 1
11:52:50 **** Auto Build of configuration Debug for project expander_soft ****
make all 
'Building file: ../src/helloworld.c'
'Invoking: MicroBlaze gcc compiler'
mb-gcc -Wall -O0 -g3 -c -fmessage-length=0 -MT"src/helloworld.o" -I../../expander_soft_bsp/microblaze_0/include -mlittle-endian -mcpu=v11.0 -mxl-soft-mul -Wl,--no-relax -ffunction-sections -fdata-sections -MMD -MP -MF"src/helloworld.d" -MT"src/helloworld.o" -o "src/helloworld.o" "../src/helloworld.c"
../src/helloworld.c: In function 'WriteData':
../src/helloworld.c:253:6: warning: variable 'BusBusy' set but not used [-Wunused-but-set-variable]
  int BusBusy;
      ^~~~~~~
../src/helloworld.c: In function 'ReadData':
../src/helloworld.c:337:6: warning: variable 'BusBusy' set but not used [-Wunused-but-set-variable]
  int BusBusy;
      ^~~~~~~
'Finished building: ../src/helloworld.c'
' '
'Building target: expander_soft.elf'
'Invoking: MicroBlaze gcc linker'
mb-gcc -Wl,-T -Wl,../src/lscript.ld -L../../expander_soft_bsp/microblaze_0/lib -mlittle-endian -mcpu=v11.0 -mxl-soft-mul -Wl,--no-relax -Wl,--gc-sections -o "expander_soft.elf"  ./src/helloworld.o ./src/platform.o   -Wl,--start-group,-lxil,-lgcc,-lc,--end-group
'Finished building target: expander_soft.elf'
' '
'Invoking: MicroBlaze Print Size'
mb-size expander_soft.elf  |tee "expander_soft.elf.size"
   text	   data	    bss	    dec	    hex	filename
  16000	    736	   3400	  20136	   4ea8	expander_soft.elf
'Finished building: expander_soft.elf.size'
' '
11:52:54 **** Incremental Build of configuration Debug for project expander_soft ****
make all 
make: Nothing to be done for 'all'.
11:52:59 **** Incremental Build of configuration Debug for project expander_soft ****
make all 
make: Nothing to be done for 'all'.
11:53:32 **** Incremental Build of configuration Debug for project expander_soft ****
make all 
make: Nothing to be done for 'all'.
11:58:52 **** Auto Build of configuration Debug for project expander_soft ****
make all 
'Building file: ../src/helloworld.c'
'Invoking: MicroBlaze gcc compiler'
mb-gcc -Wall -O0 -g3 -c -fmessage-length=0 -MT"src/helloworld.o" -I../../expander_soft_bsp/microblaze_0/include -mlittle-endian -mcpu=v11.0 -mxl-soft-mul -Wl,--no-relax -ffunction-sections -fdata-sections -MMD -MP -MF"src/helloworld.d" -MT"src/helloworld.o" -o "src/helloworld.o" "../src/helloworld.c"
../src/helloworld.c: In function 'WriteData':
../src/helloworld.c:150:6: warning: unused variable 'a' [-Wunused-variable]
   u8 a = 1;
      ^
../src/helloworld.c:118:6: warning: variable 'BusBusy' set but not used [-Wunused-but-set-variable]
  int BusBusy;
      ^~~~~~~
../src/helloworld.c: At top level:
../src/helloworld.c:25:12: warning: 'ReadData' declared 'static' but never defined [-Wunused-function]
 static int ReadData(u8 *BufferPtr, u16 ByteCount);
            ^~~~~~~~
'Finished building: ../src/helloworld.c'
' '
'Building target: expander_soft.elf'
'Invoking: MicroBlaze gcc linker'
mb-gcc -Wl,-T -Wl,../src/lscript.ld -L../../expander_soft_bsp/microblaze_0/lib -mlittle-endian -mcpu=v11.0 -mxl-soft-mul -Wl,--no-relax -Wl,--gc-sections -o "expander_soft.elf"  ./src/helloworld.o ./src/platform.o   -Wl,--start-group,-lxil,-lgcc,-lc,--end-group
'Finished building target: expander_soft.elf'
' '
'Invoking: MicroBlaze Print Size'
mb-size expander_soft.elf  |tee "expander_soft.elf.size"
   text	   data	    bss	    dec	    hex	filename
  14732	    736	   3388	  18856	   49a8	expander_soft.elf
'Finished building: expander_soft.elf.size'
' '
11:59:02 **** Auto Build of configuration Debug for project expander_soft ****
make all 
'Building file: ../src/helloworld.c'
'Invoking: MicroBlaze gcc compiler'
mb-gcc -Wall -O0 -g3 -c -fmessage-length=0 -MT"src/helloworld.o" -I../../expander_soft_bsp/microblaze_0/include -mlittle-endian -mcpu=v11.0 -mxl-soft-mul -Wl,--no-relax -ffunction-sections -fdata-sections -MMD -MP -MF"src/helloworld.d" -MT"src/helloworld.o" -o "src/helloworld.o" "../src/helloworld.c"
../src/helloworld.c: In function 'WriteData':
../src/helloworld.c:149:5: warning: variable 'a' set but not used [-Wunused-but-set-variable]
  u8 a = 0;
     ^
../src/helloworld.c:118:6: warning: variable 'BusBusy' set but not used [-Wunused-but-set-variable]
  int BusBusy;
      ^~~~~~~
../src/helloworld.c: At top level:
../src/helloworld.c:25:12: warning: 'ReadData' declared 'static' but never defined [-Wunused-function]
 static int ReadData(u8 *BufferPtr, u16 ByteCount);
            ^~~~~~~~
'Finished building: ../src/helloworld.c'
' '
'Building target: expander_soft.elf'
'Invoking: MicroBlaze gcc linker'
mb-gcc -Wl,-T -Wl,../src/lscript.ld -L../../expander_soft_bsp/microblaze_0/lib -mlittle-endian -mcpu=v11.0 -mxl-soft-mul -Wl,--no-relax -Wl,--gc-sections -o "expander_soft.elf"  ./src/helloworld.o ./src/platform.o   -Wl,--start-group,-lxil,-lgcc,-lc,--end-group
'Finished building target: expander_soft.elf'
' '
'Invoking: MicroBlaze Print Size'
mb-size expander_soft.elf  |tee "expander_soft.elf.size"
   text	   data	    bss	    dec	    hex	filename
  14740	    736	   3388	  18864	   49b0	expander_soft.elf
'Finished building: expander_soft.elf.size'
' '
11:59:16 **** Auto Build of configuration Debug for project expander_soft ****
make all 
'Building file: ../src/helloworld.c'
'Invoking: MicroBlaze gcc compiler'
mb-gcc -Wall -O0 -g3 -c -fmessage-length=0 -MT"src/helloworld.o" -I../../expander_soft_bsp/microblaze_0/include -mlittle-endian -mcpu=v11.0 -mxl-soft-mul -Wl,--no-relax -ffunction-sections -fdata-sections -MMD -MP -MF"src/helloworld.d" -MT"src/helloworld.o" -o "src/helloworld.o" "../src/helloworld.c"
../src/helloworld.c: In function 'WriteData':
../src/helloworld.c:148:5: warning: variable 'a' set but not used [-Wunused-but-set-variable]
  u8 a = 0;
     ^
../src/helloworld.c:117:6: warning: variable 'BusBusy' set but not used [-Wunused-but-set-variable]
  int BusBusy;
      ^~~~~~~
'Finished building: ../src/helloworld.c'
' '
'Building target: expander_soft.elf'
'Invoking: MicroBlaze gcc linker'
mb-gcc -Wl,-T -Wl,../src/lscript.ld -L../../expander_soft_bsp/microblaze_0/lib -mlittle-endian -mcpu=v11.0 -mxl-soft-mul -Wl,--no-relax -Wl,--gc-sections -o "expander_soft.elf"  ./src/helloworld.o ./src/platform.o   -Wl,--start-group,-lxil,-lgcc,-lc,--end-group
'Finished building target: expander_soft.elf'
' '
'Invoking: MicroBlaze Print Size'
mb-size expander_soft.elf  |tee "expander_soft.elf.size"
   text	   data	    bss	    dec	    hex	filename
  14740	    736	   3388	  18864	   49b0	expander_soft.elf
'Finished building: expander_soft.elf.size'
' '
11:59:43 **** Incremental Build of configuration Debug for project expander_soft ****
make all 
make: Nothing to be done for 'all'.
12:33:45 **** Auto Build of configuration Debug for project expander_soft ****
make all 
'Building file: ../src/helloworld.c'
'Invoking: MicroBlaze gcc compiler'
mb-gcc -Wall -O0 -g3 -c -fmessage-length=0 -MT"src/helloworld.o" -I../../expander_soft_bsp/microblaze_0/include -mlittle-endian -mcpu=v11.0 -mxl-soft-mul -Wl,--no-relax -ffunction-sections -fdata-sections -MMD -MP -MF"src/helloworld.d" -MT"src/helloworld.o" -o "src/helloworld.o" "../src/helloworld.c"
../src/helloworld.c: In function 'StatusHandler':
../src/helloworld.c:196:18: error: 'XII_NACK_EVENT' undeclared (first use in this function); did you mean 'XII_ARB_LOST_EVENT'?
     if (Event == XII_NACK_EVENT) {
                  ^~~~~~~~~~~~~~
                  XII_ARB_LOST_EVENT
../src/helloworld.c:196:18: note: each undeclared identifier is reported only once for each function it appears in
../src/helloworld.c:202:54: error: 'XII_BUS_NOT_FREE_EVENT' undeclared (first use in this function); did you mean 'XII_BUS_NOT_BUSY_EVENT'?
     else if (Event == XII_ARB_LOST_EVENT || Event == XII_BUS_NOT_FREE_EVENT) {
                                                      ^~~~~~~~~~~~~~~~~~~~~~
                                                      XII_BUS_NOT_BUSY_EVENT
make: *** [src/subdir.mk:26: src/helloworld.o] Error 1
12:34:49 **** Auto Build of configuration Debug for project expander_soft ****
make all 
'Building file: ../src/helloworld.c'
'Invoking: MicroBlaze gcc compiler'
mb-gcc -Wall -O0 -g3 -c -fmessage-length=0 -MT"src/helloworld.o" -I../../expander_soft_bsp/microblaze_0/include -mlittle-endian -mcpu=v11.0 -mxl-soft-mul -Wl,--no-relax -ffunction-sections -fdata-sections -MMD -MP -MF"src/helloworld.d" -MT"src/helloworld.o" -o "src/helloworld.o" "../src/helloworld.c"
../src/helloworld.c: In function 'StatusHandler':
../src/helloworld.c:202:54: error: 'XII_BUS_NOT_FREE_EVENT' undeclared (first use in this function); did you mean 'XII_BUS_NOT_BUSY_EVENT'?
     else if (Event == XII_ARB_LOST_EVENT || Event == XII_BUS_NOT_FREE_EVENT) {
                                                      ^~~~~~~~~~~~~~~~~~~~~~
                                                      XII_BUS_NOT_BUSY_EVENT
../src/helloworld.c:202:54: note: each undeclared identifier is reported only once for each function it appears in
make: *** [src/subdir.mk:26: src/helloworld.o] Error 1
12:35:03 **** Auto Build of configuration Debug for project expander_soft ****
make all 
'Building file: ../src/helloworld.c'
'Invoking: MicroBlaze gcc compiler'
[...]
13:22:37 **** Auto Build of configuration Debug for project expander_soft ****
make all 
'Building file: ../src/helloworld.c'
'Invoking: MicroBlaze gcc compiler'
mb-gcc -Wall -O0 -g3 -c -fmessage-length=0 -MT"src/helloworld.o" -I../../expander_soft_bsp/microblaze_0/include -mlittle-endian -mcpu=v11.0 -mxl-soft-mul -Wl,--no-relax -ffunction-sections -fdata-sections -MMD -MP -MF"src/helloworld.d" -MT"src/helloworld.o" -o "src/helloworld.o" "../src/helloworld.c"
'Finished building: ../src/helloworld.c'
' '
'Building target: expander_soft.elf'
'Invoking: MicroBlaze gcc linker'
mb-gcc -Wl,-T -Wl,../src/lscript.ld -L../../expander_soft_bsp/microblaze_0/lib -mlittle-endian -mcpu=v11.0 -mxl-soft-mul -Wl,--no-relax -Wl,--gc-sections -o "expander_soft.elf"  ./src/helloworld.o ./src/platform.o   -Wl,--start-group,-lxil,-lgcc,-lc,--end-group
'Finished building target: expander_soft.elf'
' '
'Invoking: MicroBlaze Print Size'
mb-size expander_soft.elf  |tee "expander_soft.elf.size"
   text	   data	    bss	    dec	    hex	filename
   3560	    340	   3108	   7008	   1b60	expander_soft.elf
'Finished building: expander_soft.elf.size'
' '
13:22:44 **** Incremental Build of configuration Debug for project expander_soft ****
make all 
make: Nothing to be done for 'all'.
13:31:54 **** Auto Build of configuration Debug for project expander_soft ****
make all 
'Building file: ../src/helloworld.c'
'Invoking: MicroBlaze gcc compiler'
mb-gcc -Wall -O0 -g3 -c -fmessage-length=0 -MT"src/helloworld.o" -I../../expander_soft_bsp/microblaze_0/include -mlittle-endian -mcpu=v11.0 -mxl-soft-mul -Wl,--no-relax -ffunction-sections -fdata-sections -MMD -MP -MF"src/helloworld.d" -MT"src/helloworld.o" -o "src/helloworld.o" "../src/helloworld.c"
../src/helloworld.c: In function 'main':
../src/helloworld.c:97:28: error: 'ADDR' undeclared (first use in this function)
     XIic_Send(BaseAddress, ADDR, WriteBuffer, 2, XIIC_STOP);
                            ^~~~
../src/helloworld.c:97:28: note: each undeclared identifier is reported only once for each function it appears in
../src/helloworld.c:136:13: error: invalid storage class for function 'UartLiteSendHandler'
 static void UartLiteSendHandler(void *CallBackRef, unsigned int EventData) {
             ^~~~~~~~~~~~~~~~~~~
../src/helloworld.c:140:13: error: invalid storage class for function 'UartLiteRecvHandler'
 static void UartLiteRecvHandler(void *CallBackRef, unsigned int EventData) {
             ^~~~~~~~~~~~~~~~~~~
../src/helloworld.c:144:1: error: expected declaration or statement at end of input
 }
 ^
../src/helloworld.c:144:1: error: expected declaration or statement at end of input
../src/helloworld.c:89:5: warning: unused variable 'tens' [-Wunused-variable]
  u8 tens = 1;
     ^~~~
../src/helloworld.c:41:6: warning: unused variable 'Status' [-Wunused-variable]
  int Status;
      ^~~~~~
../src/helloworld.c: At top level:
../src/helloworld.c:37:13: warning: 'UartLiteSendHandler' used but never defined
 static void UartLiteSendHandler(void *CallBackRef, unsigned int EventData);
             ^~~~~~~~~~~~~~~~~~~
../src/helloworld.c:38:13: warning: 'UartLiteRecvHandler' used but never defined
 static void UartLiteRecvHandler(void *CallBackRef, unsigned int EventData);
             ^~~~~~~~~~~~~~~~~~~
../src/helloworld.c:140:13: warning: 'UartLiteRecvHandler' defined but not used [-Wunused-function]
 static void UartLiteRecvHandler(void *CallBackRef, unsigned int EventData) {
             ^~~~~~~~~~~~~~~~~~~
../src/helloworld.c:136:13: warning: 'UartLiteSendHandler' defined but not used [-Wunused-function]
 static void UartLiteSendHandler(void *CallBackRef, unsigned int EventData) {
             ^~~~~~~~~~~~~~~~~~~
make: *** [src/subdir.mk:26: src/helloworld.o] Error 1
13:32:23 **** Auto Build of configuration Debug for project expander_soft ****
make all 
'Building file: ../src/helloworld.c'
'Invoking: MicroBlaze gcc compiler'
mb-gcc -Wall -O0 -g3 -c -fmessage-length=0 -MT"src/helloworld.o" -I../../expander_soft_bsp/microblaze_0/include -mlittle-endian -mcpu=v11.0 -mxl-soft-mul -Wl,--no-relax -ffunction-sections -fdata-sections -MMD -MP -MF"src/helloworld.d" -MT"src/helloworld.o" -o "src/helloworld.o" "../src/helloworld.c"
../src/helloworld.c: In function 'main':
../src/helloworld.c:97:28: error: 'ADDR' undeclared (first use in this function)
     XIic_Send(BaseAddress, ADDR, WriteBuffer, 2, XIIC_STOP);
                            ^~~~
../src/helloworld.c:97:28: note: each undeclared identifier is reported only once for each function it appears in
../src/helloworld.c:135:3: error: expected statement before ']' token
   ]
   ^
../src/helloworld.c:137:15: error: invalid storage class for function 'UartLiteSendHandler'
   static void UartLiteSendHandler(void *CallBackRef, unsigned int EventData) {
               ^~~~~~~~~~~~~~~~~~~
../src/helloworld.c:141:15: error: invalid storage class for function 'UartLiteRecvHandler'
   static void UartLiteRecvHandler(void *CallBackRef, unsigned int EventData) {
               ^~~~~~~~~~~~~~~~~~~
../src/helloworld.c:145:3: error: expected declaration or statement at end of input
   }
   ^
../src/helloworld.c:145:3: error: expected declaration or statement at end of input
../src/helloworld.c:89:5: warning: unused variable 'tens' [-Wunused-variable]
  u8 tens = 1;
     ^~~~
../src/helloworld.c:41:6: warning: unused variable 'Status' [-Wunused-variable]
  int Status;
      ^~~~~~
../src/helloworld.c: At top level:
../src/helloworld.c:37:13: warning: 'UartLiteSendHandler' used but never defined
 static void UartLiteSendHandler(void *CallBackRef, unsigned int EventData);
             ^~~~~~~~~~~~~~~~~~~
../src/helloworld.c:38:13: warning: 'UartLiteRecvHandler' used but never defined
 static void UartLiteRecvHandler(void *CallBackRef, unsigned int EventData);
             ^~~~~~~~~~~~~~~~~~~
../src/helloworld.c:141:15: warning: 'UartLiteRecvHandler' defined but not used [-Wunused-function]
   static void UartLiteRecvHandler(void *CallBackRef, unsigned int EventData) {
               ^~~~~~~~~~~~~~~~~~~
../src/helloworld.c:137:15: warning: 'UartLiteSendHandler' defined but not used [-Wunused-function]
   static void UartLiteSendHandler(void *CallBackRef, unsigned int EventData) {
               ^~~~~~~~~~~~~~~~~~~
make: *** [src/subdir.mk:26: src/helloworld.o] Error 1
13:32:26 **** Auto Build of configuration Debug for project expander_soft ****
make all 
'Building file: ../src/helloworld.c'
'Invoking: MicroBlaze gcc compiler'
mb-gcc -Wall -O0 -g3 -c -fmessage-length=0 -MT"src/helloworld.o" -I../../expander_soft_bsp/microblaze_0/include -mlittle-endian -mcpu=v11.0 -mxl-soft-mul -Wl,--no-relax -ffunction-sections -fdata-sections -MMD -MP -MF"src/helloworld.d" -MT"src/helloworld.o" -o "src/helloworld.o" "../src/helloworld.c"
../src/helloworld.c: In function 'main':
../src/helloworld.c:97:28: error: 'ADDR' undeclared (first use in this function)
     XIic_Send(BaseAddress, ADDR, WriteBuffer, 2, XIIC_STOP);
                            ^~~~
../src/helloworld.c:97:28: note: each undeclared identifier is reported only once for each function it appears in
../src/helloworld.c:137:15: error: invalid storage class for function 'UartLiteSendHandler'
   static void UartLiteSendHandler(void *CallBackRef, unsigned int EventData) {
               ^~~~~~~~~~~~~~~~~~~
../src/helloworld.c:141:15: error: invalid storage class for function 'UartLiteRecvHandler'
   static void UartLiteRecvHandler(void *CallBackRef, unsigned int EventData) {
               ^~~~~~~~~~~~~~~~~~~
../src/helloworld.c:145:3: error: expected declaration or statement at end of input
   }
   ^
../src/helloworld.c:89:5: warning: unused variable 'tens' [-Wunused-variable]
  u8 tens = 1;
     ^~~~
../src/helloworld.c:41:6: warning: unused variable 'Status' [-Wunused-variable]
  int Status;
      ^~~~~~
../src/helloworld.c: At top level:
../src/helloworld.c:37:13: warning: 'UartLiteSendHandler' used but never defined
 static void UartLiteSendHandler(void *CallBackRef, unsigned int EventData);
             ^~~~~~~~~~~~~~~~~~~
../src/helloworld.c:38:13: warning: 'UartLiteRecvHandler' used but never defined
 static void UartLiteRecvHandler(void *CallBackRef, unsigned int EventData);
             ^~~~~~~~~~~~~~~~~~~
../src/helloworld.c:141:15: warning: 'UartLiteRecvHandler' defined but not used [-Wunused-function]
   static void UartLiteRecvHandler(void *CallBackRef, unsigned int EventData) {
               ^~~~~~~~~~~~~~~~~~~
../src/helloworld.c:137:15: warning: 'UartLiteSendHandler' defined but not used [-Wunused-function]
   static void UartLiteSendHandler(void *CallBackRef, unsigned int EventData) {
               ^~~~~~~~~~~~~~~~~~~
make: *** [src/subdir.mk:26: src/helloworld.o] Error 1
13:33:00 **** Auto Build of configuration Debug for project expander_soft ****
make all 
'Building file: ../src/helloworld.c'
'Invoking: MicroBlaze gcc compiler'
mb-gcc -Wall -O0 -g3 -c -fmessage-length=0 -MT"src/helloworld.o" -I../../expander_soft_bsp/microblaze_0/include -mlittle-endian -mcpu=v11.0 -mxl-soft-mul -Wl,--no-relax -ffunction-sections -fdata-sections -MMD -MP -MF"src/helloworld.d" -MT"src/helloworld.o" -o "src/helloworld.o" "../src/helloworld.c"
../src/helloworld.c: In function 'main':
../src/helloworld.c:97:28: error: 'ADDR' undeclared (first use in this function)
     XIic_Send(BaseAddress, ADDR, WriteBuffer, 2, XIIC_STOP);
                            ^~~~
../src/helloworld.c:97:28: note: each undeclared identifier is reported only once for each function it appears in
../src/helloworld.c:89:5: warning: unused variable 'tens' [-Wunused-variable]
  u8 tens = 1;
     ^~~~
../src/helloworld.c:41:6: warning: unused variable 'Status' [-Wunused-variable]
  int Status;
      ^~~~~~
make: *** [src/subdir.mk:26: src/helloworld.o] Error 1
13:33:23 **** Auto Build of configuration Debug for project expander_soft ****
make all 
'Building file: ../src/helloworld.c'
'Invoking: MicroBlaze gcc compiler'
mb-gcc -Wall -O0 -g3 -c -fmessage-length=0 -MT"src/helloworld.o" -I../../expander_soft_bsp/microblaze_0/include -mlittle-endian -mcpu=v11.0 -mxl-soft-mul -Wl,--no-relax -ffunction-sections -fdata-sections -MMD -MP -MF"src/helloworld.d" -MT"src/helloworld.o" -o "src/helloworld.o" "../src/helloworld.c"
../src/helloworld.c: In function 'main':
../src/helloworld.c:97:28: error: 'ADDR' undeclared (first use in this function)
     XIic_Send(BaseAddress, ADDR, WriteBuffer, 2, XIIC_STOP);
                            ^~~~
../src/helloworld.c:97:28: note: each undeclared identifier is reported only once for each function it appears in
../src/helloworld.c:89:5: warning: unused variable 'tens' [-Wunused-variable]
  u8 tens = 1;
     ^~~~
../src/helloworld.c:41:6: warning: unused variable 'Status' [-Wunused-variable]
  int Status;
      ^~~~~~
../src/helloworld.c: At top level:
../src/helloworld.c:136:1: error: expected identifier or '(' before '}' token
 }
 ^
make: *** [src/subdir.mk:26: src/helloworld.o] Error 1
13:33:56 **** Auto Build of configuration Debug for project expander_soft ****
make all 
'Building file: ../src/helloworld.c'
'Invoking: MicroBlaze gcc compiler'
mb-gcc -Wall -O0 -g3 -c -fmessage-length=0 -MT"src/helloworld.o" -I../../expander_soft_bsp/microblaze_0/include -mlittle-endian -mcpu=v11.0 -mxl-soft-mul -Wl,--no-relax -ffunction-sections -fdata-sections -MMD -MP -MF"src/helloworld.d" -MT"src/helloworld.o" -o "src/helloworld.o" "../src/helloworld.c"
../src/helloworld.c: In function 'main':
../src/helloworld.c:97:28: error: 'ADDR' undeclared (first use in this function)
     XIic_Send(BaseAddress, ADDR, WriteBuffer, 2, XIIC_STOP);
                            ^~~~
../src/helloworld.c:97:28: note: each undeclared identifier is reported only once for each function it appears in
../src/helloworld.c:89:5: warning: unused variable 'tens' [-Wunused-variable]
  u8 tens = 1;
     ^~~~
../src/helloworld.c:41:6: warning: unused variable 'Status' [-Wunused-variable]
  int Status;
      ^~~~~~
make: *** [src/subdir.mk:26: src/helloworld.o] Error 1
13:34:24 **** Auto Build of configuration Debug for project expander_soft ****
make all 
'Building file: ../src/helloworld.c'
'Invoking: MicroBlaze gcc compiler'
mb-gcc -Wall -O0 -g3 -c -fmessage-length=0 -MT"src/helloworld.o" -I../../expander_soft_bsp/microblaze_0/include -mlittle-endian -mcpu=v11.0 -mxl-soft-mul -Wl,--no-relax -ffunction-sections -fdata-sections -MMD -MP -MF"src/helloworld.d" -MT"src/helloworld.o" -o "src/helloworld.o" "../src/helloworld.c"
../src/helloworld.c: In function 'main':
../src/helloworld.c:92:5: warning: unused variable 'tens' [-Wunused-variable]
  u8 tens = 1;
     ^~~~
../src/helloworld.c:44:6: warning: unused variable 'Status' [-Wunused-variable]
  int Status;
      ^~~~~~
'Finished building: ../src/helloworld.c'
' '
'Building target: expander_soft.elf'
'Invoking: MicroBlaze gcc linker'
mb-gcc -Wl,-T -Wl,../src/lscript.ld -L../../expander_soft_bsp/microblaze_0/lib -mlittle-endian -mcpu=v11.0 -mxl-soft-mul -Wl,--no-relax -Wl,--gc-sections -o "expander_soft.elf"  ./src/helloworld.o ./src/platform.o   -Wl,--start-group,-lxil,-lgcc,-lc,--end-group
'Finished building target: expander_soft.elf'
' '
'Invoking: MicroBlaze Print Size'
mb-size expander_soft.elf  |tee "expander_soft.elf.size"
   text	   data	    bss	    dec	    hex	filename
  14056	    724	   3620	  18400	   47e0	expander_soft.elf
'Finished building: expander_soft.elf.size'
' '
13:34:36 **** Auto Build of configuration Debug for project expander_soft ****
make all 
'Building file: ../src/helloworld.c'
'Invoking: MicroBlaze gcc compiler'
mb-gcc -Wall -O0 -g3 -c -fmessage-length=0 -MT"src/helloworld.o" -I../../expander_soft_bsp/microblaze_0/include -mlittle-endian -mcpu=v11.0 -mxl-soft-mul -Wl,--no-relax -ffunction-sections -fdata-sections -MMD -MP -MF"src/helloworld.d" -MT"src/helloworld.o" -o "src/helloworld.o" "../src/helloworld.c"
'Finished building: ../src/helloworld.c'
' '
'Building target: expander_soft.elf'
'Invoking: MicroBlaze gcc linker'
mb-gcc -Wl,-T -Wl,../src/lscript.ld -L../../expander_soft_bsp/microblaze_0/lib -mlittle-endian -mcpu=v11.0 -mxl-soft-mul -Wl,--no-relax -Wl,--gc-sections -o "expander_soft.elf"  ./src/helloworld.o ./src/platform.o   -Wl,--start-group,-lxil,-lgcc,-lc,--end-group
'Finished building target: expander_soft.elf'
' '
'Invoking: MicroBlaze Print Size'
mb-size expander_soft.elf  |tee "expander_soft.elf.size"
   text	   data	    bss	    dec	    hex	filename
  14048	    724	   3620	  18392	   47d8	expander_soft.elf
'Finished building: expander_soft.elf.size'
' '
13:34:39 **** Incremental Build of configuration Debug for project expander_soft ****
make all 
make: Nothing to be done for 'all'.
13:40:14 **** Incremental Build of configuration Debug for project expander_soft ****
make all 
make: Nothing to be done for 'all'.
13:40:18 **** Incremental Build of configuration Debug for project expander_soft ****
make all 
make: Nothing to be done for 'all'.
13:41:41 **** Incremental Build of configuration Debug for project expander_soft ****
make all 
make: Nothing to be done for 'all'.
13:43:33 **** Auto Build of configuration Debug for project expander_soft ****
make all 
'Building file: ../src/helloworld.c'
'Invoking: MicroBlaze gcc compiler'
mb-gcc -Wall -O0 -g3 -c -fmessage-length=0 -MT"src/helloworld.o" -I../../expander_soft_bsp/microblaze_0/include -mlittle-endian -mcpu=v11.0 -mxl-soft-mul -Wl,--no-relax -ffunction-sections -fdata-sections -MMD -MP -MF"src/helloworld.d" -MT"src/helloworld.o" -o "src/helloworld.o" "../src/helloworld.c"
../src/helloworld.c: In function 'main':
../src/helloworld.c:127:21: error: 'DATA' undeclared (first use in this function)
    WriteBuffer[1] = DATA;
                     ^~~~
../src/helloworld.c:127:21: note: each undeclared identifier is reported only once for each function it appears in
make: *** [src/subdir.mk:26: src/helloworld.o] Error 1
13:43:47 **** Auto Build of configuration Debug for project expander_soft ****
make all 
'Building file: ../src/helloworld.c'
'Invoking: MicroBlaze gcc compiler'
mb-gcc -Wall -O0 -g3 -c -fmessage-length=0 -MT"src/helloworld.o" -I../../expander_soft_bsp/microblaze_0/include -mlittle-endian -mcpu=v11.0 -mxl-soft-mul -Wl,--no-relax -ffunction-sections -fdata-sections -MMD -MP -MF"src/helloworld.d" -MT"src/helloworld.o" -o "src/helloworld.o" "../src/helloworld.c"
'Finished building: ../src/helloworld.c'
' '
'Building target: expander_soft.elf'
'Invoking: MicroBlaze gcc linker'
mb-gcc -Wl,-T -Wl,../src/lscript.ld -L../../expander_soft_bsp/microblaze_0/lib -mlittle-endian -mcpu=v11.0 -mxl-soft-mul -Wl,--no-relax -Wl,--gc-sections -o "expander_soft.elf"  ./src/helloworld.o ./src/platform.o   -Wl,--start-group,-lxil,-lgcc,-lc,--end-group
'Finished building target: expander_soft.elf'
' '
'Invoking: MicroBlaze Print Size'
mb-size expander_soft.elf  |tee "expander_soft.elf.size"
   text	   data	    bss	    dec	    hex	filename
  14064	    724	   3620	  18408	   47e8	expander_soft.elf
'Finished building: expander_soft.elf.size'
' '
13:43:57 **** Incremental Build of configuration Debug for project expander_soft ****
make all 
make: Nothing to be done for 'all'.
13:45:12 **** Incremental Build of configuration Debug for project expander_soft ****
make all 
make: Nothing to be done for 'all'.
13:46:23 **** Incremental Build of configuration Debug for project expander_soft ****
make all 
'Building file: ../src/helloworld.c'
'Invoking: MicroBlaze gcc compiler'
mb-gcc -Wall -O0 -g3 -c -fmessage-length=0 -MT"src/helloworld.o" -I../../expander_soft_bsp/microblaze_0/include -mlittle-endian -mcpu=v11.0 -mxl-soft-mul -Wl,--no-relax -ffunction-sections -fdata-sections -MMD -MP -MF"src/helloworld.d" -MT"src/helloworld.o" -o "src/helloworld.o" "../src/helloworld.c"
'Finished building: ../src/helloworld.c'
' '
'Building target: expander_soft.elf'
'Invoking: MicroBlaze gcc linker'
mb-gcc -Wl,-T -Wl,../src/lscript.ld -L../../expander_soft_bsp/microblaze_0/lib -mlittle-endian -mcpu=v11.0 -mxl-soft-mul -Wl,--no-relax -Wl,--gc-sections -o "expander_soft.elf"  ./src/helloworld.o ./src/platform.o   -Wl,--start-group,-lxil,-lgcc,-lc,--end-group
'Finished building target: expander_soft.elf'
' '
'Invoking: MicroBlaze Print Size'
mb-size expander_soft.elf  |tee "expander_soft.elf.size"
   text	   data	    bss	    dec	    hex	filename
  14064	    724	   3620	  18408	   47e8	expander_soft.elf
'Finished building: expander_soft.elf.size'
' '
14:00:33 **** Incremental Build of configuration Debug for project expander_soft ****
make all 
make: Nothing to be done for 'all'.
14:13:33 **** Incremental Build of configuration Debug for project expander_soft ****
make all 
make: Nothing to be done for 'all'.
14:18:27 **** Auto Build of configuration Debug for project expander_soft ****
make all 
'Building file: ../src/helloworld.c'
'Invoking: MicroBlaze gcc compiler'
mb-gcc -Wall -O0 -g3 -c -fmessage-length=0 -MT"src/helloworld.o" -I../../expander_soft_bsp/microblaze_0/include -mlittle-endian -mcpu=v11.0 -mxl-soft-mul -Wl,--no-relax -ffunction-sections -fdata-sections -MMD -MP -MF"src/helloworld.d" -MT"src/helloworld.o" -o "src/helloworld.o" "../src/helloworld.c"
'Finished building: ../src/helloworld.c'
' '
'Building target: expander_soft.elf'
'Invoking: MicroBlaze gcc linker'
mb-gcc -Wl,-T -Wl,../src/lscript.ld -L../../expander_soft_bsp/microblaze_0/lib -mlittle-endian -mcpu=v11.0 -mxl-soft-mul -Wl,--no-relax -Wl,--gc-sections -o "expander_soft.elf"  ./src/helloworld.o ./src/platform.o   -Wl,--start-group,-lxil,-lgcc,-lc,--end-group
'Finished building target: expander_soft.elf'
' '
'Invoking: MicroBlaze Print Size'
mb-size expander_soft.elf  |tee "expander_soft.elf.size"
   text	   data	    bss	    dec	    hex	filename
  14064	    724	   3620	  18408	   47e8	expander_soft.elf
'Finished building: expander_soft.elf.size'
' '
14:18:32 **** Incremental Build of configuration Debug for project expander_soft ****
make all 
make: Nothing to be done for 'all'.
