11:29:37 **** Build of configuration Debug for project top_workspace_soft ****
make pre-build main-build 
a9-linaro-pre-build-step
' '
'Building file: ../src/helloworld.c'
'Invoking: ARM v7 gcc compiler'
arm-none-eabi-gcc -Wall -O0 -g3 -c -fmessage-length=0 -MT"src/helloworld.o" -mcpu=cortex-a9 -mfpu=vfpv3 -mfloat-abi=hard -I../../top_workspace_soft_bsp/ps7_cortexa9_0/include -MMD -MP -MF"src/helloworld.d" -MT"src/helloworld.o" -o "src/helloworld.o" "../src/helloworld.c"
../src/helloworld.c: In function 'TmrCtrLowLevelExample':
../src/helloworld.c:81:22: warning: variable 'MatchValue' set but not used [-Wunused-but-set-variable]
   u32 IntervalValue, MatchValue;
                      ^~~~~~~~~~
'Finished building: ../src/helloworld.c'
' '
'Building file: ../src/platform.c'
'Invoking: ARM v7 gcc compiler'
arm-none-eabi-gcc -Wall -O0 -g3 -c -fmessage-length=0 -MT"src/platform.o" -mcpu=cortex-a9 -mfpu=vfpv3 -mfloat-abi=hard -I../../top_workspace_soft_bsp/ps7_cortexa9_0/include -MMD -MP -MF"src/platform.d" -MT"src/platform.o" -o "src/platform.o" "../src/platform.c"
'Finished building: ../src/platform.c'
' '
'Building target: top_workspace_soft.elf'
'Invoking: ARM v7 gcc linker'
arm-none-eabi-gcc -mcpu=cortex-a9 -mfpu=vfpv3 -mfloat-abi=hard -Wl,-build-id=none -specs=Xilinx.spec -Wl,-T -Wl,../src/lscript.ld -L../../top_workspace_soft_bsp/ps7_cortexa9_0/lib -o "top_workspace_soft.elf"  ./src/helloworld.o ./src/platform.o   -Wl,--start-group,-lxil,-lgcc,-lc,--end-group
'Finished building target: top_workspace_soft.elf'
' '
'Invoking: ARM v7 Print Size'
arm-none-eabi-size top_workspace_soft.elf  |tee "top_workspace_soft.elf.size"
   text	   data	    bss	    dec	    hex	filename
  19900	   1336	  22568	  43804	   ab1c	top_workspace_soft.elf
'Finished building: top_workspace_soft.elf.size'
' '

11:29:40 Build Finished (took 2s.793ms)

